******************************************************************************
            TI ARM Clang Linker PC v4.0.3                      
******************************************************************************
>> Linked Tue Sep  9 17:25:18 2025

OUTPUT FILE NAME:   <oeldui.out>
ENTRY POINT SYMBOL: "_c_int00_noargs"  address: 0000727d


MEMORY CONFIGURATION

         name            origin    length      used     unused   attr    fill
----------------------  --------  ---------  --------  --------  ----  --------
  FLASH                 00000000   00020000  0000cc78  00013388  R  X
  SRAM                  20200000   00008000  00002c01  000053ff  RW X
  BCR_CONFIG            41c00000   000000ff  00000000  000000ff  R   
  BSL_CONFIG            41c00100   00000080  00000000  00000080  R   


SEGMENT ALLOCATION MAP

run origin  load origin   length   init length attrs members
----------  ----------- ---------- ----------- ----- -------
00000000    00000000    0000cc78   0000cc78    r-x
  00000000    00000000    000000c0   000000c0    r-- .intvecs
  000000c0    000000c0    00007590   00007590    r-x .text
  00007650    00007650    00005140   00005140    r-- .rodata
  0000c790    0000c790    000004e8   000004e8    r-- .cinit
20200000    20200000    00002a08   00000000    rw-
  20200000    20200000    00001e60   00000000    rw- .data
  20201e60    20201e60    000007a1   00000000    rw- .bss
  20202608    20202608    00000400   00000000    rw- .sysmem
20207e00    20207e00    00000200   00000000    rw-
  20207e00    20207e00    00000200   00000000    rw- .stack


SECTION ALLOCATION MAP

 output                                  attributes/
section   page    origin      length       input sections
--------  ----  ----------  ----------   ----------------
.intvecs   0    00000000    000000c0     
                  00000000    000000c0     startup_mspm0g350x_ticlang.o (.intvecs)

.text      0    000000c0    00007590     
                  000000c0    000009d0     libc.a : _printfi.c.obj (.text:__TI_printfi)
                  00000a90    00000898     OLED.o (.text.OLED_DrawArc)
                  00001328    00000828     OLED_UI.o (.text.OLED_DrawWindow)
                  00001b50    000006f8     OLED_UI.o (.text.PrintMenuElements)
                  00002248    00000388     OLED_UI.o (.text.RunFadeOut)
                  000025d0    000002f8     libc.a : s_atan.c.obj (.text.atan)
                  000028c8    000002e8     OLED_UI.o (.text.OLED_UI_InterruptHandler)
                  00002bb0    000002b8     OLED_UI.o (.text.MoveMenuElements)
                  00002e68    000002ac     OLED.o (.text.OLED_DrawLine)
                  00003114    00000278     OLED_UI.o (.text.OLED_WindowDataDispose)
                  0000338c    00000230     OLED_UI.o (.text.SetTargetCursor)
                  000035bc    0000022c     OLED.o (.text.OLED_ShowChineseArea)
                  000037e8    00000220     libc.a : _printfi.c.obj (.text._pconv_a)
                  00003a08    000001ec     OLED.o (.text.OLED_DrawRectangle)
                  00003bf4    000001e4     mid_button.o (.text.flex_button_scan)
                  00003dd8    000001dc     OLED_UI.o (.text.ChangeFloatNum)
                  00003fb4    000001dc     libc.a : _printfi.c.obj (.text._pconv_g)
                  00004190    000001b4     OLED.o (.text.OLED_ShowImage)
                  00004344    000001a8     OLED_driver.o (.text.OLED_WriteData)
                  000044ec    00000192     libclang_rt.builtins.a : adddf3.S.obj (.text.adddf3_subdf3)
                  0000467e    00000002     startup_mspm0g350x_ticlang.o (.text.Default_Handler)
                  00004680    00000188     libc.a : e_atan2.c.obj (.text.atan2)
                  00004808    00000148     OLED.o (.text.OLED_DrawRoundedRectangle)
                  00004950    0000013c     libc.a : _printfi.c.obj (.text.fcvt)
                  00004a8c    00000138     OLED_UI.o (.text.ReverseCoordinate)
                  00004bc4    00000130     OLED.o (.text.OLED_ShowImageArea)
                  00004cf4    00000120     OLED_UI.o (.text.CurrentMenuPageInit)
                  00004e14    00000120     libc.a : _printfi.c.obj (.text._pconv_e)
                  00004f34    00000118     OLED_driver.o (.text.OLED_WriteCommand)
                  0000504c    0000010c     libclang_rt.builtins.a : divdf3.S.obj (.text.__divdf3)
                  00005158    000000f4     OLED_UI_MenuData.o (.text.SettingAuxFunc)
                  0000524c    000000f0     OLED_UI.o (.text.DrawLinePermix)
                  0000533c    000000e8     driverlib.a : dl_timer.o (.text.DL_Timer_initTimerMode)
                  00005424    000000e4     libclang_rt.builtins.a : muldf3.S.obj (.text.__muldf3)
                  00005508    000000dc     driverlib.a : dl_sysctl_mspm0g1x0x_g3x0x.o (.text.DL_SYSCTL_configSYSPLL)
                  000055e4    000000d8     OLED_UI.o (.text.OLED_UI_FadeOut_Masking)
                  000056bc    000000d8     libc.a : s_scalbn.c.obj (.text.scalbn)
                  00005794    000000d8     libclang_rt.builtins.a : addsf3.S.obj (.text)
                  0000586c    000000d0     OLED_UI.o (.text.SetTargetProbWidth)
                  0000593c    000000c0     OLED_driver.o (.text.OLED_Init)
                  000059fc    000000c0     mid_button.o (.text.user_button_init)
                  00005abc    000000b0     OLED_UI_MenuData.o (.text.AboutOLED_UIAuxFunc)
                  00005b6c    000000b0     OLED_UI_MenuData.o (.text.AboutThisDeviceAuxFunc)
                  00005c1c    000000ac     OLED_UI.o (.text.OLED_KeyAndEncoderRecord)
                  00005cc8    000000a8     OLED_UI.o (.text.CurrentMenuPageBackUp)
                  00005d70    000000a2     libclang_rt.builtins.a : udivmoddi4.S.obj (.text)
                  00005e12    00000002     OLED_UI_Driver.o (.text.Encoder_Disable)
                  00005e14    0000009c     OLED.o (.text.OLED_ShowCharArea)
                  00005eb0    00000090     OLED.o (.text.OLED_ReverseArea)
                  00005f40    00000090     libc.a : s_ceilf.c.obj (.text.ceilf)
                  00005fd0    0000008c     libclang_rt.builtins.a : mulsf3.S.obj (.text.__mulsf3)
                  0000605c    0000008a     OLED.o (.text.OLED_PrintfMixArea)
                  000060e6    00000002     OLED_UI_Driver.o (.text.Encoder_Enable)
                  000060e8    00000088     OLED_UI.o (.text.OLED_UI_MainLoop)
                  00006170    00000088     ti_msp_dl_config.o (.text.SYSCFG_DL_UART_DEBUG_init)
                  000061f8    00000008     libc.a : aeabi_portable.c.obj (.text.__aeabi_errno_addr)
                  00006200    00000088            : strcmp-armv6m.S.obj (.text:strcmp)
                  00006288    00000082     libclang_rt.builtins.a : divsf3.S.obj (.text.__divsf3)
                  0000630a    00000002     OLED_UI_Driver.o (.text.Encoder_Init)
                  0000630c    00000080     OLED.o (.text.OLED_ClearArea)
                  0000638c    0000007c     OLED.o (.text.OLED_ShowChar)
                  00006408    0000007c     OLED_UI.o (.text.SetTargetScrollBarHeight)
                  00006484    0000007c     libc.a : copy_decompress_lzss.c.obj (.text:decompress:lzss)
                  00006500    00000074     libclang_rt.builtins.a : comparedf2.c.obj (.text.__gedf2)
                  00006574    0000000c     OLED_driver.o (.text.OLED_SetColorMode)
                  00006580    00000074     libclang_rt.builtins.a : truncdfsf2.S.obj (.text.__truncdfsf2)
                  000065f4    00000070     OLED_UI.o (.text.OLED_UI_CreateWindow)
                  00006664    00000068     libclang_rt.builtins.a : comparedf2.c.obj (.text.__ledf2)
                  000066cc    00000066     libc.a : _printfi.c.obj (.text._mcpy)
                  00006732    00000002     OLED_UI_Driver.o (.text.Key_Init)
                  00006734    00000064     driverlib.a : dl_sysctl_mspm0g1x0x_g3x0x.o (.text.DL_SYSCTL_setHFCLKSourceHFXTParams)
                  00006798    00000064     ti_msp_dl_config.o (.text.SYSCFG_DL_GPIO_init)
                  000067fc    00000064     ti_msp_dl_config.o (.text.SYSCFG_DL_SYSCTL_init)
                  00006860    00000062     libclang_rt.builtins.a : aeabi_dcmp.S.obj (.text.__aeabi_dcmp)
                  000068c2    00000002                            : aeabi_div0.c.obj (.text.__aeabi_idiv0)
                  000068c4    00000062                            : aeabi_fcmp.S.obj (.text.__aeabi_fcmp)
                  00006926    00000002                            : aeabi_div0.c.obj (.text.__aeabi_ldiv0)
                  00006928    00000060                            : fixsfdi.S.obj (.text.__fixsfdi)
                  00006988    0000005c     libc.a : s_frexp.c.obj (.text.frexp)
                  000069e4    00000058            : _ltoa.c.obj (.text.__TI_ltoa)
                  00006a3c    00000058            : _printfi.c.obj (.text._pconv_f)
                  00006a94    00000056     libclang_rt.builtins.a : aeabi_idivmod.S.obj (.text.__aeabi_idivmod)
                  00006aea    00000052     OLED_UI.o (.text.CalcStringWidth)
                  00006b3c    00000052     libc.a : _printfi.c.obj (.text._ecpy)
                  00006b8e    00000002     --HOLE-- [fill = 0]
                  00006b90    00000050     ti_msp_dl_config.o (.text.SYSCFG_DL_TIMER_TICK_init)
                  00006be0    0000004e     libclang_rt.builtins.a : floatdisf.S.obj (.text.__floatdisf)
                  00006c2e    00000002     --HOLE-- [fill = 0]
                  00006c30    0000004a                            : fixdfsi.S.obj (.text.__fixdfsi)
                  00006c7a    00000002     --HOLE-- [fill = 0]
                  00006c7c    00000048     driverlib.a : dl_uart.o (.text.DL_UART_init)
                  00006cc4    00000044                 : dl_sysctl_mspm0g1x0x_g3x0x.o (.text.DL_SYSCTL_switchMCLKfromSYSOSCtoHSCLK)
                  00006d08    00000042     OLED_UI.o (.text.ChangePoint)
                  00006d4a    00000042     OLED.o (.text.OLED_Printf)
                  00006d8c    00000040     OLED_UI_MenuData.o (.text.MainAuxFunc)
                  00006dcc    00000040     ti_msp_dl_config.o (.text.SYSCFG_DL_initPower)
                  00006e0c    00000040     libclang_rt.builtins.a : aeabi_uidivmod.S.obj (.text.__aeabi_uidivmod)
                  00006e4c    00000040                            : extendsfdf2.S.obj (.text.__extendsfdf2)
                  00006e8c    00000040     libc.a : atoi.c.obj (.text.atoi)
                  00006ecc    00000040            : vsnprintf.c.obj (.text.vsnprintf)
                  00006f0c    0000003e            : ti_fmax.c.obj (.text.fminf)
                  00006f4a    00000002     --HOLE-- [fill = 0]
                  00006f4c    0000003c     libclang_rt.builtins.a : floatsisf.S.obj (.text.__floatsisf)
                  00006f88    0000003c                            : comparesf2.S.obj (.text.__gtsf2)
                  00006fc4    0000003c     libc.a : autoinit.c.obj (.text:__TI_auto_init_nobinit_nopinit)
                  00007000    0000003a     libclang_rt.builtins.a : comparesf2.S.obj (.text.__eqsf2)
                  0000703a    00000002     --HOLE-- [fill = 0]
                  0000703c    0000003a                            : muldsi3.S.obj (.text.__muldsi3)
                  00007076    00000002     --HOLE-- [fill = 0]
                  00007078    00000038                            : fixsfsi.S.obj (.text.__fixsfsi)
                  000070b0    00000034     OLED_driver.o (.text.OLED_Update)
                  000070e4    00000034     mid_debug_uart.o (.text.UART0_IRQHandler)
                  00007118    00000034     hw_key.o (.text.key_scan)
                  0000714c    00000030     libc.a : _printfi.c.obj (.text._fcpy)
                  0000717c    00000030            : vsnprintf.c.obj (.text._outs)
                  000071ac    0000002c     libclang_rt.builtins.a : floatsidf.S.obj (.text.__floatsidf)
                  000071d8    0000002c     libc.a : vsprintf.c.obj (.text.vsprintf)
                  00007204    00000028     libclang_rt.builtins.a : floatunsisf.S.obj (.text.__floatunsisf)
                  0000722c    00000028     app_key_task.o (.text.btn_enter_cb)
                  00007254    00000028     mid_debug_led.o (.text.set_debug_led_toggle)
                  0000727c    00000028     libc.a : boot_cortex_m.c.obj (.text:_c_int00_noargs)
                  000072a4    00000024     ti_msp_dl_config.o (.text.SYSCFG_DL_init)
                  000072c8    00000024     libclang_rt.builtins.a : muldi3.S.obj (.text.__muldi3)
                  000072ec    00000024     app_key_task.o (.text.btn_back_cb)
                  00007310    00000022     libc.a : memccpy.c.obj (.text.memccpy)
                  00007332    00000002     --HOLE-- [fill = 0]
                  00007334    00000020     OLED_UI.o (.text.OLED_UI_Back)
                  00007354    00000020     OLED_UI.o (.text.OLED_UI_Init)
                  00007374    00000020     mid_timer.o (.text.TIMA0_IRQHandler)
                  00007394    00000020     empty.o (.text.main)
                  000073b4    0000001e     libclang_rt.builtins.a : ashldi3.S.obj (.text.__ashldi3)
                  000073d2    00000002     --HOLE-- [fill = 0]
                  000073d4    0000001c     driverlib.a : dl_timer.o (.text.DL_Timer_setClockConfig)
                  000073f0    0000001c     OLED_UI_Driver.o (.text.Delay_ms)
                  0000740c    0000001c     OLED_driver.o (.text.OLED_Brightness)
                  00007428    00000018     libc.a : vsnprintf.c.obj (.text._outc)
                  00007440    00000018            : vsprintf.c.obj (.text._outs)
                  00007458    00000018     mid_debug_uart.o (.text.debug_uart_init)
                  00007470    00000018     mid_timer.o (.text.timer_init)
                  00007488    00000014     OLED.o (.text.OLED_Clear)
                  0000749c    00000014     libclang_rt.builtins.a : aeabi_uldivmod.S.obj (.text.__aeabi_uldivmod)
                  000074b0    00000014     libc.a : _printfi.c.obj (.text.strchr)
                  000074c4    00000012     driverlib.a : dl_uart.o (.text.DL_UART_setClockConfig)
                  000074d6    00000012     libc.a : memcpy16.S.obj (.text:TI_memcpy_small)
                  000074e8    00000012            : copy_decompress_none.c.obj (.text:decompress:none)
                  000074fa    00000002     --HOLE-- [fill = 0]
                  000074fc    00000010     OLED_UI_MenuData.o (.text.BrightnessWindow)
                  0000750c    00000010     OLED_UI_MenuData.o (.text.EmptyWindow)
                  0000751c    00000010     OLED_UI_MenuData.o (.text.ShowFloatDataWindow)
                  0000752c    00000010     OLED_UI_MenuData.o (.text.ShowIntDataWindow)
                  0000753c    00000010     OLED_UI_MenuData.o (.text.ShowTextWindow)
                  0000754c    00000010     libc.a : wcslen.c.obj (.text.wcslen)
                  0000755c    00000010            : copy_zero_init.c.obj (.text:decompress:ZI)
                  0000756c    0000000e     libclang_rt.builtins.a : aeabi_memset.S.obj (.text.__aeabi_memset)
                  0000757a    0000000e     libc.a : _printfi.c.obj (.text.strlen)
                  00007588    0000000e            : memset16.S.obj (.text:TI_memset_small)
                  00007596    00000002     --HOLE-- [fill = 0]
                  00007598    0000000c     libclang_rt.builtins.a : aeabi_memset.S.obj (.text.__aeabi_memclr)
                  000075a4    0000000c     mid_button.o (.text.button_back_read)
                  000075b0    0000000c     mid_button.o (.text.button_enter_read)
                  000075bc    0000000a     driverlib.a : dl_common.o (.text.DL_Common_delayCycles)
                  000075c6    0000000a     libc.a : _printfi.c.obj (.text.OUTLINED_FUNCTION_0)
                  000075d0    00000010     libclang_rt.builtins.a : adddf3.S.obj (.tramp.__aeabi_dsub.1)
                  000075e0    0000000a     libc.a : s_atan.c.obj (.text.OUTLINED_FUNCTION_0)
                  000075ea    00000002     --HOLE-- [fill = 0]
                  000075ec    00000010     libclang_rt.builtins.a : muldf3.S.obj (.tramp.__aeabi_dmul.1)
                  000075fc    0000000a     libc.a : _printfi.c.obj (.text.OUTLINED_FUNCTION_1)
                  00007606    0000000a            : vsprintf.c.obj (.text._outc)
                  00007610    00000008            : s_atan.c.obj (.text.OUTLINED_FUNCTION_2)
                  00007618    00000008     libclang_rt.builtins.a : aeabi_memcpy.S.obj (.text.__aeabi_memcpy)
                  00007620    00000006     libc.a : s_atan.c.obj (.text.OUTLINED_FUNCTION_1)
                  00007626    00000002     --HOLE-- [fill = 0]
                  00007628    00000010     libclang_rt.builtins.a : adddf3.S.obj (.tramp.__aeabi_dadd.1)
                  00007638    00000006     libc.a : exit.c.obj (.text:abort)
                  0000763e    00000004     OLED_UI_Driver.o (.text.Encoder_Get)
                  00007642    00000004     libsysbm.a : hostexit.c.obj (.text.HOSTexit)
                  00007646    00000004     startup_mspm0g350x_ticlang.o (.text.Reset_Handler)
                  0000764a    00000004     libc.a : pre_init.c.obj (.text._system_pre_init)
                  0000764e    00000002     --HOLE-- [fill = 0]

.cinit     0    0000c790    000004e8     
                  0000c790    000004c3     (.cinit..data.load) [load image, compression = lzss]
                  0000cc53    00000001     --HOLE-- [fill = 0]
                  0000cc54    0000000c     (__TI_handler_table)
                  0000cc60    00000008     (.cinit..bss.load) [load image, compression = zero_init]
                  0000cc68    00000010     (__TI_cinit_table)

.rodata    0    00007650    00005140     
                  00007650    00000d00     OLED_Fonts.o (.rodata.OLED_CF20x20)
                  00008350    00000cf0     OLED_Fonts.o (.rodata.OLED_CF16x16)
                  00009040    00000b28     OLED_Fonts.o (.rodata.OLED_CF12x12)
                  00009b68    00000b22     OLED_Fonts.o (.rodata.OLED_F10x20)
                  0000a68a    000005f0     OLED_Fonts.o (.rodata.OLED_F8x16)
                  0000ac7a    00000532     OLED_Fonts.o (.rodata.OLED_F7x12)
                  0000b1ac    00000290     OLED_Fonts.o (.rodata.UnKnown)
                  0000b43c    00000288     OLED_Fonts.o (.rodata.OLED_CF8x8)
                  0000b6c4    0000023a     OLED_Fonts.o (.rodata.OLED_F6x8)
                  0000b8fe    00000002     ti_msp_dl_config.o (.rodata.gUART_DEBUGClockConfig)
                  0000b900    00000101     libc.a : aeabi_ctype.S.obj (.rodata:__aeabi_ctype_table_)
                  0000ba01    00000100     OLED_Fonts.o (.rodata.OLED_UI_SettingsLogo)
                  0000bb01    000000d0     OLED_Fonts.o (.rodata.OLED_UI_LOGOTEXT64)
                  0000bbd1    00000080     OLED_Fonts.o (.rodata.Image_alipay)
                  0000bc51    00000080     OLED_Fonts.o (.rodata.Image_calc)
                  0000bcd1    00000080     OLED_Fonts.o (.rodata.Image_more)
                  0000bd51    00000080     OLED_Fonts.o (.rodata.Image_night)
                  0000bdd1    00000080     OLED_Fonts.o (.rodata.Image_setings)
                  0000be51    00000080     OLED_Fonts.o (.rodata.Image_wechat)
                  0000bed1    00000080     OLED_Fonts.o (.rodata.OLED_UI_LOGOGithub)
                  0000bf51    00000007     OLED_UI_MenuData.o (.rodata.str1.1000381243998983314.1)
                  0000bf58    00000040     libc.a : s_atan.c.obj (.rodata.cst32)
                  0000bf98    0000003e     OLED_UI_MenuData.o (.rodata.str1.5641983429063045147.1)
                  0000bfd6    00000035     OLED_UI_MenuData.o (.rodata.str1.8692818231614324954.1)
                  0000c00b    00000029     OLED_UI_MenuData.o (.rodata.str1.5573268315025672790.1)
                  0000c034    00000028     ti_msp_dl_config.o (.rodata.gSYSPLLConfig)
                  0000c05c    00000028     OLED_UI_MenuData.o (.rodata.str1.13372149435950134658.1)
                  0000c084    00000024     OLED_UI_MenuData.o (.rodata.str1.12367403853655225037.1)
                  0000c0a8    00000022     OLED_UI_MenuData.o (.rodata.str1.5116074126285864024.1)
                  0000c0ca    00000021     OLED_UI_MenuData.o (.rodata.str1.18183653021310974514.1)
                  0000c0eb    0000001d     OLED_UI_MenuData.o (.rodata.str1.12761775394090302020.1)
                  0000c108    0000001b     OLED_UI_MenuData.o (.rodata.str1.13707959970270487564.1)
                  0000c123    0000001b     OLED_UI_MenuData.o (.rodata.str1.5748765625524203366.1)
                  0000c13e    0000001a     OLED_UI_MenuData.o (.rodata.str1.2731516857698363768.1)
                  0000c158    0000001a     OLED_UI_MenuData.o (.rodata.str1.9886596806890750235.1)
                  0000c172    00000019     OLED_UI_MenuData.o (.rodata.str1.17167988103654633019.1)
                  0000c18b    00000017     OLED_UI_MenuData.o (.rodata.str1.11163471736351024513.1)
                  0000c1a2    00000017     OLED_UI_MenuData.o (.rodata.str1.5448856199554801018.1)
                  0000c1b9    00000015     OLED_UI_MenuData.o (.rodata.str1.5298922758076016892.1)
                  0000c1ce    00000014     OLED_UI.o (.rodata..L__const.OLED_UI_FadeOut_Masking.patterns)
                  0000c1e2    00000002     OLED_UI.o (.rodata.str1.13043856397268622051.1)
                  0000c1e4    00000014     ti_msp_dl_config.o (.rodata.gTIMER_TICKTimerConfig)
                  0000c1f8    00000013     OLED_UI_MenuData.o (.rodata.str1.10419254077875215353.1)
                  0000c20b    00000013     OLED_UI_MenuData.o (.rodata.str1.17007798922770288540.1)
                  0000c21e    00000013     OLED_UI_MenuData.o (.rodata.str1.17057413168457406486.1)
                  0000c231    00000013     OLED_UI_MenuData.o (.rodata.str1.3878299997137223406.1)
                  0000c244    00000013     OLED_UI_MenuData.o (.rodata.str1.9485790747903159136.1)
                  0000c257    00000012     OLED_UI_MenuData.o (.rodata.str1.258105381609269110.1)
                  0000c269    00000011     libc.a : _printfi.c.obj (.rodata.str1.10348868589481759720.1)
                  0000c27a    00000011     OLED_UI_MenuData.o (.rodata.str1.13420472316646707547.1)
                  0000c28b    00000011     OLED_UI_MenuData.o (.rodata.str1.14523567498732948378.1)
                  0000c29c    00000011     libc.a : _printfi.c.obj (.rodata.str1.15363888844622738466.1)
                  0000c2ad    00000011     OLED_UI_MenuData.o (.rodata.str1.7026954329412498264.1)
                  0000c2be    00000011     OLED_UI_MenuData.o (.rodata.str1.7581901272812634273.1)
                  0000c2cf    0000000e     OLED_UI_MenuData.o (.rodata.str1.10121584695259235966.1)
                  0000c2dd    0000000e     OLED_UI_MenuData.o (.rodata.str1.11857829391160238391.1)
                  0000c2eb    0000000e     OLED_UI_MenuData.o (.rodata.str1.13456729355158594436.1)
                  0000c2f9    0000000d     OLED_UI_MenuData.o (.rodata.str1.12612414746275302980.1)
                  0000c306    0000000d     OLED_UI_MenuData.o (.rodata.str1.16884256953926394395.1)
                  0000c313    0000000d     OLED_UI_MenuData.o (.rodata.str1.4001434573998726762.1)
                  0000c320    0000000d     OLED_UI_MenuData.o (.rodata.str1.5049884656246969416.1)
                  0000c32d    0000000b     OLED_UI_MenuData.o (.rodata.str1.10535430155987183289.1)
                  0000c338    0000000b     OLED_UI_MenuData.o (.rodata.str1.14060502917152128508.1)
                  0000c343    0000000b     OLED_UI_MenuData.o (.rodata.str1.14905318608906470064.1)
                  0000c34e    0000000b     OLED_UI_MenuData.o (.rodata.str1.1814430792546088956.1)
                  0000c359    0000000b     OLED_UI_MenuData.o (.rodata.str1.3337732365102187005.1)
                  0000c364    0000000b     OLED_UI_MenuData.o (.rodata.str1.339831558508255502.1)
                  0000c36f    00000001     --HOLE-- [fill = 0]
                  0000c370    0000000a     ti_msp_dl_config.o (.rodata.gUART_DEBUGConfig)
                  0000c37a    0000000a     OLED_UI_MenuData.o (.rodata.str1.10102979015332047984.1)
                  0000c384    0000000a     OLED_UI_MenuData.o (.rodata.str1.3528325582395096494.1)
                  0000c38e    0000000a     OLED_UI_MenuData.o (.rodata.str1.8971288636734164442.1)
                  0000c398    00000009     OLED_UI_MenuData.o (.rodata.str1.16969240529756440244.1)
                  0000c3a1    00000009     OLED_UI_MenuData.o (.rodata.str1.3756117593795447860.1)
                  0000c3aa    00000008     OLED_UI_MenuData.o (.rodata.str1.10336415947230300065.1)
                  0000c3b2    00000008     OLED_UI_MenuData.o (.rodata.str1.10529380619184816896.1)
                  0000c3ba    00000008     OLED_UI_MenuData.o (.rodata.str1.10606240242411493245.1)
                  0000c3c2    00000008     OLED_UI_MenuData.o (.rodata.str1.10938118788680425669.1)
                  0000c3ca    00000008     OLED_UI_MenuData.o (.rodata.str1.13308697304903620379.1)
                  0000c3d2    00000008     OLED_UI_MenuData.o (.rodata.str1.15373296961183459481.1)
                  0000c3da    00000008     OLED_UI_MenuData.o (.rodata.str1.15556722307635705334.1)
                  0000c3e2    00000008     OLED_UI_MenuData.o (.rodata.str1.15938054509819662491.1)
                  0000c3ea    00000008     OLED_UI_MenuData.o (.rodata.str1.16666472958879945828.1)
                  0000c3f2    00000008     OLED_UI_MenuData.o (.rodata.str1.17447836538145466885.1)
                  0000c3fa    00000008     OLED_UI_MenuData.o (.rodata.str1.18331281456799560791.1)
                  0000c402    00000008     OLED_UI_MenuData.o (.rodata.str1.18416463637750151613.1)
                  0000c40a    00000008     OLED_UI_MenuData.o (.rodata.str1.2208476437932586166.1)
                  0000c412    00000008     OLED_UI_MenuData.o (.rodata.str1.2645117568111242989.1)
                  0000c41a    00000008     OLED_UI_MenuData.o (.rodata.str1.305956697461924580.1)
                  0000c422    00000008     OLED_UI_MenuData.o (.rodata.str1.390193965614927438.1)
                  0000c42a    00000008     OLED_UI_MenuData.o (.rodata.str1.4643139469383337670.1)
                  0000c432    00000008     OLED_UI_MenuData.o (.rodata.str1.499873329057342016.1)
                  0000c43a    00000008     OLED_UI_MenuData.o (.rodata.str1.5198318764149995734.1)
                  0000c442    00000008     OLED_UI_MenuData.o (.rodata.str1.5270843373846033129.1)
                  0000c44a    00000008     OLED_UI_MenuData.o (.rodata.str1.5400642587218286973.1)
                  0000c452    00000008     OLED_UI_MenuData.o (.rodata.str1.5969434458307753950.1)
                  0000c45a    00000008     OLED_UI_MenuData.o (.rodata.str1.7258536660994989980.1)
                  0000c462    00000008     OLED_UI_MenuData.o (.rodata.str1.801041025243928079.1)
                  0000c46a    00000008     OLED_UI_MenuData.o (.rodata.str1.8371494908713349891.1)
                  0000c472    00000008     OLED_UI_MenuData.o (.rodata.str1.8513313411315623535.1)
                  0000c47a    00000008     OLED_UI_MenuData.o (.rodata.str1.9470267726741671667.1)
                  0000c482    00000008     OLED_UI_MenuData.o (.rodata.str1.9612473757103275758.1)
                  0000c48a    00000008     OLED_UI_MenuData.o (.rodata.str1.9794177892278532331.1)
                  0000c492    00000008     OLED_UI_MenuData.o (.rodata.str1.9871913013119659931.1)
                  0000c49a    00000008     OLED_UI_MenuData.o (.rodata.str1.9897138795482101234.1)
                  0000c4a2    00000007     OLED_UI_MenuData.o (.rodata.str1.10111989294667246912.1)
                  0000c4a9    00000007     OLED_UI_MenuData.o (.rodata.str1.10171404227554093595.1)
                  0000c4b0    00000007     OLED_UI_MenuData.o (.rodata.str1.10183205691388535060.1)
                  0000c4b7    00000007     OLED_UI_MenuData.o (.rodata.str1.1025364095662225053.1)
                  0000c4be    00000007     OLED_UI_MenuData.o (.rodata.str1.10270118115311403678.1)
                  0000c4c5    00000007     OLED_UI_MenuData.o (.rodata.str1.10336229067652929125.1)
                  0000c4cc    00000007     OLED_UI_MenuData.o (.rodata.str1.10359201369183949252.1)
                  0000c4d3    00000007     OLED_UI_MenuData.o (.rodata.str1.10450852453320008211.1)
                  0000c4da    00000007     OLED_UI_MenuData.o (.rodata.str1.1134032759113411953.1)
                  0000c4e1    00000007     OLED_UI_MenuData.o (.rodata.str1.1152250395023066625.1)
                  0000c4e8    00000007     OLED_UI_MenuData.o (.rodata.str1.11593731849844595134.1)
                  0000c4ef    00000007     OLED_UI_MenuData.o (.rodata.str1.11839604847746597454.1)
                  0000c4f6    00000007     OLED_UI_MenuData.o (.rodata.str1.11869659895330149019.1)
                  0000c4fd    00000007     OLED_UI_MenuData.o (.rodata.str1.11911006585157851381.1)
                  0000c504    00000007     OLED_UI_MenuData.o (.rodata.str1.1198696985272953312.1)
                  0000c50b    00000007     OLED_UI_MenuData.o (.rodata.str1.12572524477876691868.1)
                  0000c512    00000007     OLED_UI_MenuData.o (.rodata.str1.12661411337780815725.1)
                  0000c519    00000007     OLED_UI_MenuData.o (.rodata.str1.12792511773017833689.1)
                  0000c520    00000007     OLED_UI_MenuData.o (.rodata.str1.1295471062576034931.1)
                  0000c527    00000007     OLED_UI_MenuData.o (.rodata.str1.13382174347463071258.1)
                  0000c52e    00000007     OLED_UI_MenuData.o (.rodata.str1.1349944407277702115.1)
                  0000c535    00000007     OLED_UI_MenuData.o (.rodata.str1.13739723283164574483.1)
                  0000c53c    00000007     OLED_UI_MenuData.o (.rodata.str1.13744542267272732524.1)
                  0000c543    00000007     OLED_UI_MenuData.o (.rodata.str1.13890274297103926978.1)
                  0000c54a    00000007     OLED_UI_MenuData.o (.rodata.str1.13969495435236318479.1)
                  0000c551    00000007     OLED_UI_MenuData.o (.rodata.str1.13989170498966331674.1)
                  0000c558    00000007     OLED_UI_MenuData.o (.rodata.str1.14035608445454447534.1)
                  0000c55f    00000007     OLED_UI_MenuData.o (.rodata.str1.14145358712135168994.1)
                  0000c566    00000007     OLED_UI_MenuData.o (.rodata.str1.14215029812885984822.1)
                  0000c56d    00000007     OLED_UI_MenuData.o (.rodata.str1.14387363810054432973.1)
                  0000c574    00000007     OLED_UI_MenuData.o (.rodata.str1.14520766754434546500.1)
                  0000c57b    00000007     OLED_UI_MenuData.o (.rodata.str1.14557452106594750046.1)
                  0000c582    00000007     OLED_UI_MenuData.o (.rodata.str1.14680495303765132436.1)
                  0000c589    00000007     OLED_UI_MenuData.o (.rodata.str1.14941128079441747803.1)
                  0000c590    00000007     OLED_UI_MenuData.o (.rodata.str1.14982685801282266412.1)
                  0000c597    00000007     OLED_UI_MenuData.o (.rodata.str1.15088694522902769961.1)
                  0000c59e    00000007     OLED_UI_MenuData.o (.rodata.str1.15163848807033318723.1)
                  0000c5a5    00000007     OLED_UI_MenuData.o (.rodata.str1.1540564889123833153.1)
                  0000c5ac    00000007     OLED_UI_MenuData.o (.rodata.str1.15470857947686184375.1)
                  0000c5b3    00000007     OLED_UI_MenuData.o (.rodata.str1.15898176285580876754.1)
                  0000c5ba    00000007     OLED_UI_MenuData.o (.rodata.str1.16375782478946637401.1)
                  0000c5c1    00000007     OLED_UI_MenuData.o (.rodata.str1.16447361724654446256.1)
                  0000c5c8    00000007     OLED_UI_MenuData.o (.rodata.str1.16621547022787239638.1)
                  0000c5cf    00000007     OLED_UI_MenuData.o (.rodata.str1.16952086362593998110.1)
                  0000c5d6    00000007     OLED_UI_MenuData.o (.rodata.str1.17441529120647773692.1)
                  0000c5dd    00000007     OLED_UI_MenuData.o (.rodata.str1.1754493294663943993.1)
                  0000c5e4    00000007     OLED_UI_MenuData.o (.rodata.str1.17700674818125740156.1)
                  0000c5eb    00000007     OLED_UI_MenuData.o (.rodata.str1.17891195107390562216.1)
                  0000c5f2    00000007     OLED_UI_MenuData.o (.rodata.str1.17932188450207311230.1)
                  0000c5f9    00000007     OLED_UI_MenuData.o (.rodata.str1.1833741770022107116.1)
                  0000c600    00000007     OLED_UI_MenuData.o (.rodata.str1.18439454014160176465.1)
                  0000c607    00000007     OLED_UI_MenuData.o (.rodata.str1.1941403605091810708.1)
                  0000c60e    00000007     OLED_UI_MenuData.o (.rodata.str1.235908676803528814.1)
                  0000c615    00000007     OLED_UI_MenuData.o (.rodata.str1.2454780630785944589.1)
                  0000c61c    00000007     OLED_UI_MenuData.o (.rodata.str1.251968613634151305.1)
                  0000c623    00000007     OLED_UI_MenuData.o (.rodata.str1.2534696104992753645.1)
                  0000c62a    00000007     OLED_UI_MenuData.o (.rodata.str1.3033349496284928184.1)
                  0000c631    00000007     OLED_UI_MenuData.o (.rodata.str1.3134334903152473395.1)
                  0000c638    00000007     OLED_UI_MenuData.o (.rodata.str1.3168216622772205380.1)
                  0000c63f    00000007     OLED_UI_MenuData.o (.rodata.str1.3176698385193120318.1)
                  0000c646    00000007     OLED_UI_MenuData.o (.rodata.str1.3352368423234844136.1)
                  0000c64d    00000007     OLED_UI_MenuData.o (.rodata.str1.3492538623363519537.1)
                  0000c654    00000007     OLED_UI_MenuData.o (.rodata.str1.3586348514274513663.1)
                  0000c65b    00000007     OLED_UI_MenuData.o (.rodata.str1.3776238316514977174.1)
                  0000c662    00000007     OLED_UI_MenuData.o (.rodata.str1.381072331407076212.1)
                  0000c669    00000007     OLED_UI_MenuData.o (.rodata.str1.4098085823664897414.1)
                  0000c670    00000007     OLED_UI_MenuData.o (.rodata.str1.4146862228523304444.1)
                  0000c677    00000007     OLED_UI_MenuData.o (.rodata.str1.4220969022951710721.1)
                  0000c67e    00000007     OLED_UI_MenuData.o (.rodata.str1.4422063199348133969.1)
                  0000c685    00000007     OLED_UI_MenuData.o (.rodata.str1.4565260290360060083.1)
                  0000c68c    00000007     OLED_UI_MenuData.o (.rodata.str1.5056294619552216296.1)
                  0000c693    00000007     OLED_UI_MenuData.o (.rodata.str1.5700866553628048029.1)
                  0000c69a    00000007     OLED_UI_MenuData.o (.rodata.str1.5743533089043720267.1)
                  0000c6a1    00000007     OLED_UI_MenuData.o (.rodata.str1.600702565525856687.1)
                  0000c6a8    00000007     OLED_UI_MenuData.o (.rodata.str1.6036115666086149977.1)
                  0000c6af    00000007     OLED_UI_MenuData.o (.rodata.str1.6211178695468878835.1)
                  0000c6b6    00000007     OLED_UI_MenuData.o (.rodata.str1.6351093671693697134.1)
                  0000c6bd    00000007     OLED_UI_MenuData.o (.rodata.str1.6651040373630776717.1)
                  0000c6c4    00000007     OLED_UI_MenuData.o (.rodata.str1.6701795815830294122.1)
                  0000c6cb    00000007     OLED_UI_MenuData.o (.rodata.str1.6864225759868939649.1)
                  0000c6d2    00000007     OLED_UI_MenuData.o (.rodata.str1.6942040385487593918.1)
                  0000c6d9    00000007     OLED_UI_MenuData.o (.rodata.str1.7002878721314914118.1)
                  0000c6e0    00000007     OLED_UI_MenuData.o (.rodata.str1.7054392595464996765.1)
                  0000c6e7    00000007     OLED_UI_MenuData.o (.rodata.str1.7130135937734563776.1)
                  0000c6ee    00000007     OLED_UI_MenuData.o (.rodata.str1.7174672346200323702.1)
                  0000c6f5    00000007     OLED_UI_MenuData.o (.rodata.str1.7519471362578704429.1)
                  0000c6fc    00000007     OLED_UI_MenuData.o (.rodata.str1.7530570453719451078.1)
                  0000c703    00000007     OLED_UI_MenuData.o (.rodata.str1.7671295210580816166.1)
                  0000c70a    00000007     OLED_UI_MenuData.o (.rodata.str1.8156742194154595857.1)
                  0000c711    00000007     OLED_UI_MenuData.o (.rodata.str1.842502512944610372.1)
                  0000c718    00000007     OLED_UI_MenuData.o (.rodata.str1.8694647769195164537.1)
                  0000c71f    00000007     OLED_UI_MenuData.o (.rodata.str1.9348116502217822727.1)
                  0000c726    00000007     OLED_UI_MenuData.o (.rodata.str1.9380422712172163870.1)
                  0000c72d    00000006     OLED_Fonts.o (.rodata.Arrow)
                  0000c733    00000006     OLED_UI_MenuData.o (.rodata.str1.10197513893059630294.1)
                  0000c739    00000006     OLED_UI_MenuData.o (.rodata.str1.10390218733067264866.1)
                  0000c73f    00000006     OLED_UI_MenuData.o (.rodata.str1.13077155056886052545.1)
                  0000c745    00000006     OLED_UI_MenuData.o (.rodata.str1.13148635886426968145.1)
                  0000c74b    00000006     OLED_UI_MenuData.o (.rodata.str1.159897565184220180.1)
                  0000c751    00000006     OLED_UI_MenuData.o (.rodata.str1.1708205182226299205.1)
                  0000c757    00000006     OLED_UI_MenuData.o (.rodata.str1.2716662139474398582.1)
                  0000c75d    00000006     OLED_UI_MenuData.o (.rodata.str1.3340103470092688187.1)
                  0000c763    00000006     OLED_UI_MenuData.o (.rodata.str1.7950545391726520680.1)
                  0000c769    00000006     OLED_UI_MenuData.o (.rodata.str1.8489497268166800085.1)
                  0000c76f    00000005     OLED_UI_MenuData.o (.rodata.str1.11171974014016432915.1)
                  0000c774    00000005     OLED_UI.o (.rodata.str1.3186304721653902322.1)
                  0000c779    00000004     OLED_UI.o (.rodata.str1.1026250786338963782.1)
                  0000c77d    00000004     OLED_UI.o (.rodata.str1.4668212042571339950.1)
                  0000c781    00000003     ti_msp_dl_config.o (.rodata.gTIMER_TICKClockConfig)
                  0000c784    00000003     OLED_UI.o (.rodata.str1.5641009005815158321.1)
                  0000c787    00000002     OLED_UI.o (.rodata.str1.2448964593183393858.1)
                  0000c789    00000002     OLED_UI.o (.rodata.str1.2747120431252999018.1)
                  0000c78b    00000002     OLED_UI.o (.rodata.str1.759367226020546617.1)
                  0000c78d    00000003     --HOLE-- [fill = 0]

.init_array 
*          0    00000000    00000000     UNINITIALIZED

.binit     0    00000000    00000000     

.data      0    20200000    00001e60     UNINITIALIZED
                  20200000    00000c48     OLED_UI_MenuData.o (.data.LongListMenuItems)
                  20200c48    00000150     OLED_UI_MenuData.o (.data.Font12MenuItems)
                  20200d98    00000150     OLED_UI_MenuData.o (.data.Font16MenuItems)
                  20200ee8    00000150     OLED_UI_MenuData.o (.data.Font20MenuItems)
                  20201038    00000150     OLED_UI_MenuData.o (.data.Font8MenuItems)
                  20201188    00000150     OLED_UI_MenuData.o (.data.MoreMenuItems)
                  202012d8    00000150     OLED_UI_MenuData.o (.data.SmallAreaMenuItems)
                  20201428    00000150     OLED_UI_MenuData.o (.data.SpringMenuItems)
                  20201578    000000f0     OLED_UI_MenuData.o (.data.AboutThisDeviceMenuItems)
                  20201668    000000c0     OLED_UI_MenuData.o (.data.SettingsMenuItems)
                  20201728    000000a8     OLED_UI_MenuData.o (.data.MainMenuItems)
                  202017d0    00000090     OLED_UI_MenuData.o (.data.AboutOLED_UIMenuItems)
                  20201860    00000090     OLED_UI_MenuData.o (.data.LongMenuItems)
                  202018f0    0000004c     OLED_UI_MenuData.o (.data.AboutOLED_UIMenuPage)
                  2020193c    0000004c     OLED_UI_MenuData.o (.data.AboutThisDeviceMenuPage)
                  20201988    0000004c     OLED_UI_MenuData.o (.data.Font12MenuPage)
                  202019d4    0000004c     OLED_UI_MenuData.o (.data.Font16MenuPage)
                  20201a20    0000004c     OLED_UI_MenuData.o (.data.Font20MenuPage)
                  20201a6c    0000004c     OLED_UI_MenuData.o (.data.Font8MenuPage)
                  20201ab8    0000004c     OLED_UI_MenuData.o (.data.LongListMenuPage)
                  20201b04    0000004c     OLED_UI_MenuData.o (.data.LongMenuPage)
                  20201b50    0000004c     OLED_UI_MenuData.o (.data.MainMenuPage)
                  20201b9c    0000004c     OLED_UI_MenuData.o (.data.MoreMenuPage)
                  20201be8    0000004c     OLED_UI_MenuData.o (.data.SettingsMenuPage)
                  20201c34    0000004c     OLED_UI_MenuData.o (.data.SmallAreaMenuPage)
                  20201c80    0000004c     OLED_UI_MenuData.o (.data.SpringMenuPage)
                  20201ccc    00000044     OLED_UI_MenuData.o (.data.FloatDataWindow)
                  20201d10    00000044     OLED_UI_MenuData.o (.data.IntDataWindow)
                  20201d54    00000044     OLED_UI_MenuData.o (.data.NullWindow)
                  20201d98    00000044     OLED_UI_MenuData.o (.data.SetBrightnessWindow)
                  20201ddc    00000044     OLED_UI_MenuData.o (.data.TextWindow)
                  20201e20    00000006     OLED_UI.o (.data.OLED_FPS)
                  20201e26    00000002     OLED_UI.o (.data.OLED_UI_Brightness)
                  20201e28    00000004     OLED_UI.o (.data.CurrentMenuPage)
                  20201e2c    00000004     OLED_UI.o (.data.CurrentWindow)
                  20201e30    00000004     OLED_UI.o (.data.OLED_SustainCounter)
                  20201e34    00000004     OLED_UI.o (.data.OLED_UI_Key)
                  20201e38    00000004     OLED_UI.o (.data.OLED_UI_LastKey)
                  20201e3c    00000004     libc.a : aeabi_portable.c.obj (.data.__aeabi_errno)
                  20201e40    00000004     mid_button.o (.data.btn_head)
                  20201e44    00000004     app_key_task.o (.data.key_menu)
                  20201e48    00000004     OLED_UI_MenuData.o (.data.testfloatnum)
                  20201e4c    00000004     OLED_UI_MenuData.o (.data.testintnum)
                  20201e50    00000002     OLED_UI.o (.data.WindowProbDeltaData)
                  20201e52    00000002     mid_button.o (.data.cont)
                  20201e54    00000002     mid_button.o (.data.key_rst_data)
                  20201e56    00000002     mid_button.o (.data.keydata)
                  20201e58    00000002     mid_button.o (.data.trg)
                  20201e5a    00000001     OLED_UI.o (.data.ColorMode)
                  20201e5b    00000001     OLED_UI.o (.data.FadeOutFlag)
                  20201e5c    00000001     OLED_UI.o (.data.KeyEnterFlag)
                  20201e5d    00000001     OLED_driver.o (.data.OLED_ColorMode)
                  20201e5e    00000001     OLED_UI.o (.data.OLED_UI_ShowFps)
                  20201e5f    00000001     mid_button.o (.data.button_cnt)

.bss       0    20201e60    000007a1     UNINITIALIZED
                  20201e60    00000400     (.common:OLED_DisplayBuf)
                  20202260    000000bc     (.common:gTIMER_TICKBackup)
                  2020231c    00000084     (.common:debug_uart)
                  202023a0    00000060     (.common:OLED_UI_Cursor)
                  20202400    00000060     (.common:OLED_UI_MenuFrame)
                  20202460    00000060     (.common:OLED_UI_Window)
                  202024c0    00000038     mid_button.o (.bss.user_button)
                  202024f8    00000030     (.common:LogoMove)
                  20202528    00000030     (.common:LogoTextMove)
                  20202558    00000030     (.common:OLED_UI_PageStartPoint)
                  20202588    00000030     (.common:WelcomeTextMove)
                  202025b8    00000018     (.common:OLED_UI_LineStep)
                  202025d0    00000018     (.common:OLED_UI_ProbWidth)
                  202025e8    00000018     (.common:OLED_UI_ScrollBarHeight)
                  20202600    00000001     mid_debug_led.o (.bss.debug_led.0)

.sysmem    0    20202608    00000400     UNINITIALIZED
                  20202608    00000010     libc.a : memory.c.obj (.sysmem)
                  20202618    000003f0     --HOLE--

.stack     0    20207e00    00000200     UNINITIALIZED
                  20207e00    00000004     libc.a : boot_cortex_m.c.obj (.stack)
                  20207e04    000001fc     --HOLE--

__llvm_prf_cnts 
*          0    20200000    00000000     UNINITIALIZED

__llvm_prf_bits 
*          0    20200000    00000000     UNINITIALIZED

MODULE SUMMARY

       Module                         code    ro data   rw data
       ------                         ----    -------   -------
    .\
       ti_msp_dl_config.o             516     75        188    
       startup_mspm0g350x_ticlang.o   6       192       0      
       empty.o                        32      0         0      
    +--+------------------------------+-------+---------+---------+
       Total:                         554     267       188    
                                                               
    .\app\
       app_key_task.o                 76      0         4      
    +--+------------------------------+-------+---------+---------+
       Total:                         76      0         4      
                                                               
    .\hardware\
       hw_key.o                       52      0         0      
    +--+------------------------------+-------+---------+---------+
       Total:                         52      0         0      
                                                               
    .\middle\
       mid_button.o                   700     0         69     
       mid_debug_uart.o               76      0         132    
       mid_timer.o                    56      0         0      
       mid_debug_led.o                40      0         1      
    +--+------------------------------+-------+---------+---------+
       Total:                         872     0         202    
                                                               
    .\oledUI\
       OLED_Fonts.o                   0       18436     0      
       OLED_UI.o                      10072   44        442    
       OLED_UI_MenuData.o             740     1886      7864   
       OLED.o                         5776    0         0      
       OLED_driver.o                  988     0         1025   
       OLED_UI_Driver.o               40      0         0      
    +--+------------------------------+-------+---------+---------+
       Total:                         17616   20366     9331   
                                                               
    D:/TI/CCS/mspm0_sdk_2_05_01_00/source/ti/driverlib/lib/ticlang/m0p/mspm0g1x0x_g3x0x/driverlib.a
       dl_sysctl_mspm0g1x0x_g3x0x.o   388     0         0      
       dl_timer.o                     260     0         0      
       dl_uart.o                      90      0         0      
       dl_common.o                    10      0         0      
    +--+------------------------------+-------+---------+---------+
       Total:                         748     0         0      
                                                               
    D:\TI\CCS\ccs\tools\compiler\ti-cgt-armllvm_4.0.3.LTS\lib\armv6m-ti-none-eabi/c/libc.a
       _printfi.c.obj                 4510    34        0      
       s_atan.c.obj                   784     64        0      
       e_atan2.c.obj                  392     0         0      
       aeabi_ctype.S.obj              0       257       0      
       s_scalbn.c.obj                 216     0         0      
       s_ceilf.c.obj                  144     0         0      
       strcmp-armv6m.S.obj            136     0         0      
       vsnprintf.c.obj                136     0         0      
       copy_decompress_lzss.c.obj     124     0         0      
       s_frexp.c.obj                  92      0         0      
       _ltoa.c.obj                    88      0         0      
       vsprintf.c.obj                 78      0         0      
       atoi.c.obj                     64      0         0      
       ti_fmax.c.obj                  62      0         0      
       autoinit.c.obj                 60      0         0      
       boot_cortex_m.c.obj            40      0         0      
       memccpy.c.obj                  34      0         0      
       copy_decompress_none.c.obj     18      0         0      
       memcpy16.S.obj                 18      0         0      
       copy_zero_init.c.obj           16      0         0      
       wcslen.c.obj                   16      0         0      
       memset16.S.obj                 14      0         0      
       aeabi_portable.c.obj           8       0         4      
       exit.c.obj                     6       0         0      
       pre_init.c.obj                 4       0         0      
    +--+------------------------------+-------+---------+---------+
       Total:                         7060    355       4      
                                                               
    D:\TI\CCS\ccs\tools\compiler\ti-cgt-armllvm_4.0.3.LTS\lib\armv6m-ti-none-eabi/c/libsysbm.a
       hostexit.c.obj                 4       0         0      
    +--+------------------------------+-------+---------+---------+
       Total:                         4       0         0      
                                                               
    D:\TI\CCS\ccs\tools\compiler\ti-cgt-armllvm_4.0.3.LTS\lib\armv6m-ti-none-eabi/libclang_rt.builtins.a
       adddf3.S.obj                   434     0         0      
       divdf3.S.obj                   268     0         0      
       muldf3.S.obj                   244     0         0      
       comparedf2.c.obj               220     0         0      
       addsf3.S.obj                   216     0         0      
       udivmoddi4.S.obj               162     0         0      
       mulsf3.S.obj                   140     0         0      
       divsf3.S.obj                   130     0         0      
       comparesf2.S.obj               118     0         0      
       truncdfsf2.S.obj               116     0         0      
       aeabi_dcmp.S.obj               98      0         0      
       aeabi_fcmp.S.obj               98      0         0      
       fixsfdi.S.obj                  96      0         0      
       aeabi_idivmod.S.obj            86      0         0      
       floatdisf.S.obj                78      0         0      
       fixdfsi.S.obj                  74      0         0      
       aeabi_uidivmod.S.obj           64      0         0      
       extendsfdf2.S.obj              64      0         0      
       floatsisf.S.obj                60      0         0      
       muldsi3.S.obj                  58      0         0      
       fixsfsi.S.obj                  56      0         0      
       floatsidf.S.obj                44      0         0      
       floatunsisf.S.obj              40      0         0      
       muldi3.S.obj                   36      0         0      
       ashldi3.S.obj                  30      0         0      
       aeabi_memset.S.obj             26      0         0      
       aeabi_uldivmod.S.obj           20      0         0      
       aeabi_memcpy.S.obj             8       0         0      
       aeabi_div0.c.obj               4       0         0      
    +--+------------------------------+-------+---------+---------+
       Total:                         3088    0         0      
                                                               
       Heap:                          0       0         1024   
       Stack:                         0       0         512    
       Linker Generated:              0       1255      0      
    +--+------------------------------+-------+---------+---------+
       Grand Total:                   30070   22243     11265  


LINKER GENERATED COPY TABLES

__TI_cinit_table @ 0000cc68 records: 2, size/record: 8, table size: 16
	.data: load addr=0000c790, load size=000004c3 bytes, run addr=20200000, run size=00001e60 bytes, compression=lzss
	.bss: load addr=0000cc60, load size=00000008 bytes, run addr=20201e60, run size=000007a1 bytes, compression=zero_init


LINKER GENERATED HANDLER TABLE

__TI_handler_table @ 0000cc54 records: 3, size/record: 4, table size: 12
	index: 0, handler: __TI_decompress_lzss
	index: 1, handler: __TI_decompress_none
	index: 2, handler: __TI_zero_init


FAR CALL TRAMPOLINES

callee name               trampoline name
   callee addr  tramp addr   call addr  call info
--------------  -----------  ---------  ----------------
__aeabi_dsub              $Tramp$TT$L$PI$$__aeabi_dsub
   000044ed     000075d0     000075ce   libc.a : _printfi.c.obj (.text.OUTLINED_FUNCTION_0)
__aeabi_dmul              $Tramp$TT$L$PI$$__aeabi_dmul
   00005425     000075ec     000075e8   libc.a : s_atan.c.obj (.text.OUTLINED_FUNCTION_0)
                             00007616          : s_atan.c.obj (.text.OUTLINED_FUNCTION_2)
__aeabi_dadd              $Tramp$TT$L$PI$$__aeabi_dadd
   000044f7     00007628     00007624   libc.a : s_atan.c.obj (.text.OUTLINED_FUNCTION_1)

[3 trampolines]
[4 trampoline calls]


GLOBAL SYMBOLS: SORTED ALPHABETICALLY BY Name 

address   name                                 
-------   ----                                 
0000467f  ADC0_IRQHandler                      
0000467f  ADC1_IRQHandler                      
0000467f  AES_IRQHandler                       
00005abd  AboutOLED_UIAuxFunc                  
202017d0  AboutOLED_UIMenuItems                
202018f0  AboutOLED_UIMenuPage                 
00005b6d  AboutThisDeviceAuxFunc               
20201578  AboutThisDeviceMenuItems             
2020193c  AboutThisDeviceMenuPage              
0000c72d  Arrow                                
000074fd  BrightnessWindow                     
00007642  C$$EXIT                              
0000467f  CANFD0_IRQHandler                    
00006aeb  CalcStringWidth                      
00003dd9  ChangeFloatNum                       
00006d09  ChangePoint                          
20201e5a  ColorMode                            
20201e28  CurrentMenuPage                      
00005cc9  CurrentMenuPageBackUp                
00004cf5  CurrentMenuPageInit                  
20201e2c  CurrentWindow                        
0000467f  DAC0_IRQHandler                      
000075bd  DL_Common_delayCycles                
00005509  DL_SYSCTL_configSYSPLL               
00006735  DL_SYSCTL_setHFCLKSourceHFXTParams   
00006cc5  DL_SYSCTL_switchMCLKfromSYSOSCtoHSCLK
0000533d  DL_Timer_initTimerMode               
000073d5  DL_Timer_setClockConfig              
00006c7d  DL_UART_init                         
000074c5  DL_UART_setClockConfig               
0000467f  DMA_IRQHandler                       
0000467f  Default_Handler                      
000073f1  Delay_ms                             
0000524d  DrawLinePermix                       
0000750d  EmptyWindow                          
00005e13  Encoder_Disable                      
000060e7  Encoder_Enable                       
0000763f  Encoder_Get                          
0000630b  Encoder_Init                         
20201e5b  FadeOutFlag                          
20201ccc  FloatDataWindow                      
20200c48  Font12MenuItems                      
20201988  Font12MenuPage                       
20200d98  Font16MenuItems                      
202019d4  Font16MenuPage                       
20200ee8  Font20MenuItems                      
20201a20  Font20MenuPage                       
20201038  Font8MenuItems                       
20201a6c  Font8MenuPage                        
0000467f  GROUP0_IRQHandler                    
0000467f  GROUP1_IRQHandler                    
00007643  HOSTexit                             
0000467f  HardFault_Handler                    
0000467f  I2C0_IRQHandler                      
0000467f  I2C1_IRQHandler                      
0000bbd1  Image_alipay                         
0000bc51  Image_calc                           
0000bcd1  Image_more                           
0000bd51  Image_night                          
0000bdd1  Image_setings                        
0000be51  Image_wechat                         
20201d10  IntDataWindow                        
20201e5c  KeyEnterFlag                         
00006733  Key_Init                             
202024f8  LogoMove                             
20202528  LogoTextMove                         
20200000  LongListMenuItems                    
20201ab8  LongListMenuPage                     
20201860  LongMenuItems                        
20201b04  LongMenuPage                         
00006d8d  MainAuxFunc                          
20201728  MainMenuItems                        
20201b50  MainMenuPage                         
20201188  MoreMenuItems                        
20201b9c  MoreMenuPage                         
00002bb1  MoveMenuElements                     
0000467f  NMI_Handler                          
20201d54  NullWindow                           
0000740d  OLED_Brightness                      
00009040  OLED_CF12x12                         
00008350  OLED_CF16x16                         
00007650  OLED_CF20x20                         
0000b43c  OLED_CF8x8                           
00007489  OLED_Clear                           
0000630d  OLED_ClearArea                       
20201e5d  OLED_ColorMode                       
20201e60  OLED_DisplayBuf                      
00000a91  OLED_DrawArc                         
00002e69  OLED_DrawLine                        
00003a09  OLED_DrawRectangle                   
00004809  OLED_DrawRoundedRectangle            
00001329  OLED_DrawWindow                      
00009b68  OLED_F10x20                          
0000b6c4  OLED_F6x8                            
0000ac7a  OLED_F7x12                           
0000a68a  OLED_F8x16                           
20201e20  OLED_FPS                             
0000593d  OLED_Init                            
00005c1d  OLED_KeyAndEncoderRecord             
00006d4b  OLED_Printf                          
0000605d  OLED_PrintfMixArea                   
00005eb1  OLED_ReverseArea                     
00006575  OLED_SetColorMode                    
0000638d  OLED_ShowChar                        
00005e15  OLED_ShowCharArea                    
000035bd  OLED_ShowChineseArea                 
00004191  OLED_ShowImage                       
00004bc5  OLED_ShowImageArea                   
20201e30  OLED_SustainCounter                  
00007335  OLED_UI_Back                         
20201e26  OLED_UI_Brightness                   
000065f5  OLED_UI_CreateWindow                 
202023a0  OLED_UI_Cursor                       
000055e5  OLED_UI_FadeOut_Masking              
00007355  OLED_UI_Init                         
000028c9  OLED_UI_InterruptHandler             
20201e34  OLED_UI_Key                          
0000bed1  OLED_UI_LOGOGithub                   
0000bb01  OLED_UI_LOGOTEXT64                   
20201e38  OLED_UI_LastKey                      
202025b8  OLED_UI_LineStep                     
000060e9  OLED_UI_MainLoop                     
20202400  OLED_UI_MenuFrame                    
20202558  OLED_UI_PageStartPoint               
202025d0  OLED_UI_ProbWidth                    
202025e8  OLED_UI_ScrollBarHeight              
0000ba01  OLED_UI_SettingsLogo                 
20201e5e  OLED_UI_ShowFps                      
20202460  OLED_UI_Window                       
000070b1  OLED_Update                          
00003115  OLED_WindowDataDispose               
00004f35  OLED_WriteCommand                    
00004345  OLED_WriteData                       
0000467f  PendSV_Handler                       
00001b51  PrintMenuElements                    
0000467f  RTC_IRQHandler                       
00007647  Reset_Handler                        
00004a8d  ReverseCoordinate                    
00002249  RunFadeOut                           
0000467f  SPI0_IRQHandler                      
0000467f  SPI1_IRQHandler                      
0000467f  SVC_Handler                          
00006799  SYSCFG_DL_GPIO_init                  
000067fd  SYSCFG_DL_SYSCTL_init                
00006b91  SYSCFG_DL_TIMER_TICK_init            
00006171  SYSCFG_DL_UART_DEBUG_init            
000072a5  SYSCFG_DL_init                       
00006dcd  SYSCFG_DL_initPower                  
20201d98  SetBrightnessWindow                  
0000338d  SetTargetCursor                      
0000586d  SetTargetProbWidth                   
00006409  SetTargetScrollBarHeight             
00005159  SettingAuxFunc                       
20201668  SettingsMenuItems                    
20201be8  SettingsMenuPage                     
0000751d  ShowFloatDataWindow                  
0000752d  ShowIntDataWindow                    
0000753d  ShowTextWindow                       
202012d8  SmallAreaMenuItems                   
20201c34  SmallAreaMenuPage                    
20201428  SpringMenuItems                      
20201c80  SpringMenuPage                       
0000467f  SysTick_Handler                      
00007375  TIMA0_IRQHandler                     
0000467f  TIMA1_IRQHandler                     
0000467f  TIMG0_IRQHandler                     
0000467f  TIMG12_IRQHandler                    
0000467f  TIMG6_IRQHandler                     
0000467f  TIMG7_IRQHandler                     
0000467f  TIMG8_IRQHandler                     
000074d7  TI_memcpy_small                      
00007589  TI_memset_small                      
20201ddc  TextWindow                           
000070e5  UART0_IRQHandler                     
0000467f  UART1_IRQHandler                     
0000467f  UART2_IRQHandler                     
0000467f  UART3_IRQHandler                     
0000b1ac  UnKnown                              
20202588  WelcomeTextMove                      
20201e50  WindowProbDeltaData                  
20208000  __STACK_END                          
00000200  __STACK_SIZE                         
00000400  __SYSMEM_SIZE                        
00000000  __TI_ATRegion0_region_sz             
00000000  __TI_ATRegion0_src_addr              
00000000  __TI_ATRegion0_trg_addr              
00000000  __TI_ATRegion1_region_sz             
00000000  __TI_ATRegion1_src_addr              
00000000  __TI_ATRegion1_trg_addr              
00000000  __TI_ATRegion2_region_sz             
00000000  __TI_ATRegion2_src_addr              
00000000  __TI_ATRegion2_trg_addr              
0000cc68  __TI_CINIT_Base                      
0000cc78  __TI_CINIT_Limit                     
0000cc78  __TI_CINIT_Warm                      
0000cc54  __TI_Handler_Table_Base              
0000cc60  __TI_Handler_Table_Limit             
00006fc5  __TI_auto_init_nobinit_nopinit       
00006485  __TI_decompress_lzss                 
000074e9  __TI_decompress_none                 
000069e5  __TI_ltoa                            
ffffffff  __TI_pprof_out_hndl                  
000000c1  __TI_printfi                         
ffffffff  __TI_prof_data_size                  
ffffffff  __TI_prof_data_start                 
00000000  __TI_static_base__                   
0000755d  __TI_zero_init                       
000044f7  __adddf3                             
0000579f  __addsf3                             
0000b900  __aeabi_ctype_table_                 
0000b900  __aeabi_ctype_table_C                
00006581  __aeabi_d2f                          
00006c31  __aeabi_d2iz                         
000044f7  __aeabi_dadd                         
00006861  __aeabi_dcmpeq                       
0000689d  __aeabi_dcmpge                       
000068b1  __aeabi_dcmpgt                       
00006889  __aeabi_dcmple                       
00006875  __aeabi_dcmplt                       
0000504d  __aeabi_ddiv                         
00005425  __aeabi_dmul                         
000044ed  __aeabi_dsub                         
20201e3c  __aeabi_errno                        
000061f9  __aeabi_errno_addr                   
00006e4d  __aeabi_f2d                          
00007079  __aeabi_f2iz                         
00006929  __aeabi_f2lz                         
0000579f  __aeabi_fadd                         
000068c5  __aeabi_fcmpeq                       
00006901  __aeabi_fcmpge                       
00006915  __aeabi_fcmpgt                       
000068ed  __aeabi_fcmple                       
000068d9  __aeabi_fcmplt                       
00006289  __aeabi_fdiv                         
00005fd1  __aeabi_fmul                         
00005795  __aeabi_fsub                         
000071ad  __aeabi_i2d                          
00006f4d  __aeabi_i2f                          
00006a95  __aeabi_idiv                         
000068c3  __aeabi_idiv0                        
00006a95  __aeabi_idivmod                      
00006be1  __aeabi_l2f                          
00006927  __aeabi_ldiv0                        
000073b5  __aeabi_llsl                         
000072c9  __aeabi_lmul                         
00007599  __aeabi_memclr                       
00007599  __aeabi_memclr4                      
00007599  __aeabi_memclr8                      
00007619  __aeabi_memcpy                       
00007619  __aeabi_memcpy4                      
00007619  __aeabi_memcpy8                      
0000756d  __aeabi_memset                       
0000756d  __aeabi_memset4                      
0000756d  __aeabi_memset8                      
00007205  __aeabi_ui2f                         
00006e0d  __aeabi_uidiv                        
00006e0d  __aeabi_uidivmod                     
0000749d  __aeabi_uldivmod                     
000073b5  __ashldi3                            
ffffffff  __binit__                            
00006665  __cmpdf2                             
00007001  __cmpsf2                             
0000504d  __divdf3                             
00006289  __divsf3                             
00006665  __eqdf2                              
00007001  __eqsf2                              
00006e4d  __extendsfdf2                        
00006c31  __fixdfsi                            
00006929  __fixsfdi                            
00007079  __fixsfsi                            
00006be1  __floatdisf                          
000071ad  __floatsidf                          
00006f4d  __floatsisf                          
00007205  __floatunsisf                        
00006501  __gedf2                              
00006f89  __gesf2                              
00006501  __gtdf2                              
00006f89  __gtsf2                              
00006665  __ledf2                              
00007001  __lesf2                              
00006665  __ltdf2                              
00007001  __ltsf2                              
UNDEFED   __mpu_init                           
00005425  __muldf3                             
000072c9  __muldi3                             
0000703d  __muldsi3                            
00005fd1  __mulsf3                             
00006665  __nedf2                              
00007001  __nesf2                              
20207e00  __stack                              
20200000  __start___llvm_prf_bits              
20200000  __start___llvm_prf_cnts              
20200000  __stop___llvm_prf_bits               
20200000  __stop___llvm_prf_cnts               
000044ed  __subdf3                             
00005795  __subsf3                             
00006581  __truncdfsf2                         
00005d71  __udivmoddi4                         
0000727d  _c_int00_noargs                      
20202608  _sys_memory                          
UNDEFED   _system_post_cinit                   
0000764b  _system_pre_init                     
00007639  abort                                
000025d1  atan                                 
00004681  atan2                                
00004681  atan2l                               
000025d1  atanl                                
00006e8d  atoi                                 
ffffffff  binit                                
000072ed  btn_back_cb                          
0000722d  btn_enter_cb                         
00005f41  ceilf                                
2020231c  debug_uart                           
00007459  debug_uart_init                      
00003bf5  flex_button_scan                     
00006f0d  fminf                                
00006989  frexp                                
00006989  frexpl                               
20202260  gTIMER_TICKBackup                    
00000000  interruptVectors                     
20201e44  key_menu                             
00007119  key_scan                             
000056bd  ldexp                                
000056bd  ldexpl                               
00007395  main                                 
00007311  memccpy                              
000056bd  scalbn                               
000056bd  scalbnl                              
00007255  set_debug_led_toggle                 
00006201  strcmp                               
20201e48  testfloatnum                         
20201e4c  testintnum                           
00007471  timer_init                           
000059fd  user_button_init                     
00006ecd  vsnprintf                            
000071d9  vsprintf                             
0000754d  wcslen                               


GLOBAL SYMBOLS: SORTED BY Symbol Address 

address   name                                 
-------   ----                                 
00000000  __TI_ATRegion0_region_sz             
00000000  __TI_ATRegion0_src_addr              
00000000  __TI_ATRegion0_trg_addr              
00000000  __TI_ATRegion1_region_sz             
00000000  __TI_ATRegion1_src_addr              
00000000  __TI_ATRegion1_trg_addr              
00000000  __TI_ATRegion2_region_sz             
00000000  __TI_ATRegion2_src_addr              
00000000  __TI_ATRegion2_trg_addr              
00000000  __TI_static_base__                   
00000000  interruptVectors                     
000000c1  __TI_printfi                         
00000200  __STACK_SIZE                         
00000400  __SYSMEM_SIZE                        
00000a91  OLED_DrawArc                         
00001329  OLED_DrawWindow                      
00001b51  PrintMenuElements                    
00002249  RunFadeOut                           
000025d1  atan                                 
000025d1  atanl                                
000028c9  OLED_UI_InterruptHandler             
00002bb1  MoveMenuElements                     
00002e69  OLED_DrawLine                        
00003115  OLED_WindowDataDispose               
0000338d  SetTargetCursor                      
000035bd  OLED_ShowChineseArea                 
00003a09  OLED_DrawRectangle                   
00003bf5  flex_button_scan                     
00003dd9  ChangeFloatNum                       
00004191  OLED_ShowImage                       
00004345  OLED_WriteData                       
000044ed  __aeabi_dsub                         
000044ed  __subdf3                             
000044f7  __adddf3                             
000044f7  __aeabi_dadd                         
0000467f  ADC0_IRQHandler                      
0000467f  ADC1_IRQHandler                      
0000467f  AES_IRQHandler                       
0000467f  CANFD0_IRQHandler                    
0000467f  DAC0_IRQHandler                      
0000467f  DMA_IRQHandler                       
0000467f  Default_Handler                      
0000467f  GROUP0_IRQHandler                    
0000467f  GROUP1_IRQHandler                    
0000467f  HardFault_Handler                    
0000467f  I2C0_IRQHandler                      
0000467f  I2C1_IRQHandler                      
0000467f  NMI_Handler                          
0000467f  PendSV_Handler                       
0000467f  RTC_IRQHandler                       
0000467f  SPI0_IRQHandler                      
0000467f  SPI1_IRQHandler                      
0000467f  SVC_Handler                          
0000467f  SysTick_Handler                      
0000467f  TIMA1_IRQHandler                     
0000467f  TIMG0_IRQHandler                     
0000467f  TIMG12_IRQHandler                    
0000467f  TIMG6_IRQHandler                     
0000467f  TIMG7_IRQHandler                     
0000467f  TIMG8_IRQHandler                     
0000467f  UART1_IRQHandler                     
0000467f  UART2_IRQHandler                     
0000467f  UART3_IRQHandler                     
00004681  atan2                                
00004681  atan2l                               
00004809  OLED_DrawRoundedRectangle            
00004a8d  ReverseCoordinate                    
00004bc5  OLED_ShowImageArea                   
00004cf5  CurrentMenuPageInit                  
00004f35  OLED_WriteCommand                    
0000504d  __aeabi_ddiv                         
0000504d  __divdf3                             
00005159  SettingAuxFunc                       
0000524d  DrawLinePermix                       
0000533d  DL_Timer_initTimerMode               
00005425  __aeabi_dmul                         
00005425  __muldf3                             
00005509  DL_SYSCTL_configSYSPLL               
000055e5  OLED_UI_FadeOut_Masking              
000056bd  ldexp                                
000056bd  ldexpl                               
000056bd  scalbn                               
000056bd  scalbnl                              
00005795  __aeabi_fsub                         
00005795  __subsf3                             
0000579f  __addsf3                             
0000579f  __aeabi_fadd                         
0000586d  SetTargetProbWidth                   
0000593d  OLED_Init                            
000059fd  user_button_init                     
00005abd  AboutOLED_UIAuxFunc                  
00005b6d  AboutThisDeviceAuxFunc               
00005c1d  OLED_KeyAndEncoderRecord             
00005cc9  CurrentMenuPageBackUp                
00005d71  __udivmoddi4                         
00005e13  Encoder_Disable                      
00005e15  OLED_ShowCharArea                    
00005eb1  OLED_ReverseArea                     
00005f41  ceilf                                
00005fd1  __aeabi_fmul                         
00005fd1  __mulsf3                             
0000605d  OLED_PrintfMixArea                   
000060e7  Encoder_Enable                       
000060e9  OLED_UI_MainLoop                     
00006171  SYSCFG_DL_UART_DEBUG_init            
000061f9  __aeabi_errno_addr                   
00006201  strcmp                               
00006289  __aeabi_fdiv                         
00006289  __divsf3                             
0000630b  Encoder_Init                         
0000630d  OLED_ClearArea                       
0000638d  OLED_ShowChar                        
00006409  SetTargetScrollBarHeight             
00006485  __TI_decompress_lzss                 
00006501  __gedf2                              
00006501  __gtdf2                              
00006575  OLED_SetColorMode                    
00006581  __aeabi_d2f                          
00006581  __truncdfsf2                         
000065f5  OLED_UI_CreateWindow                 
00006665  __cmpdf2                             
00006665  __eqdf2                              
00006665  __ledf2                              
00006665  __ltdf2                              
00006665  __nedf2                              
00006733  Key_Init                             
00006735  DL_SYSCTL_setHFCLKSourceHFXTParams   
00006799  SYSCFG_DL_GPIO_init                  
000067fd  SYSCFG_DL_SYSCTL_init                
00006861  __aeabi_dcmpeq                       
00006875  __aeabi_dcmplt                       
00006889  __aeabi_dcmple                       
0000689d  __aeabi_dcmpge                       
000068b1  __aeabi_dcmpgt                       
000068c3  __aeabi_idiv0                        
000068c5  __aeabi_fcmpeq                       
000068d9  __aeabi_fcmplt                       
000068ed  __aeabi_fcmple                       
00006901  __aeabi_fcmpge                       
00006915  __aeabi_fcmpgt                       
00006927  __aeabi_ldiv0                        
00006929  __aeabi_f2lz                         
00006929  __fixsfdi                            
00006989  frexp                                
00006989  frexpl                               
000069e5  __TI_ltoa                            
00006a95  __aeabi_idiv                         
00006a95  __aeabi_idivmod                      
00006aeb  CalcStringWidth                      
00006b91  SYSCFG_DL_TIMER_TICK_init            
00006be1  __aeabi_l2f                          
00006be1  __floatdisf                          
00006c31  __aeabi_d2iz                         
00006c31  __fixdfsi                            
00006c7d  DL_UART_init                         
00006cc5  DL_SYSCTL_switchMCLKfromSYSOSCtoHSCLK
00006d09  ChangePoint                          
00006d4b  OLED_Printf                          
00006d8d  MainAuxFunc                          
00006dcd  SYSCFG_DL_initPower                  
00006e0d  __aeabi_uidiv                        
00006e0d  __aeabi_uidivmod                     
00006e4d  __aeabi_f2d                          
00006e4d  __extendsfdf2                        
00006e8d  atoi                                 
00006ecd  vsnprintf                            
00006f0d  fminf                                
00006f4d  __aeabi_i2f                          
00006f4d  __floatsisf                          
00006f89  __gesf2                              
00006f89  __gtsf2                              
00006fc5  __TI_auto_init_nobinit_nopinit       
00007001  __cmpsf2                             
00007001  __eqsf2                              
00007001  __lesf2                              
00007001  __ltsf2                              
00007001  __nesf2                              
0000703d  __muldsi3                            
00007079  __aeabi_f2iz                         
00007079  __fixsfsi                            
000070b1  OLED_Update                          
000070e5  UART0_IRQHandler                     
00007119  key_scan                             
000071ad  __aeabi_i2d                          
000071ad  __floatsidf                          
000071d9  vsprintf                             
00007205  __aeabi_ui2f                         
00007205  __floatunsisf                        
0000722d  btn_enter_cb                         
00007255  set_debug_led_toggle                 
0000727d  _c_int00_noargs                      
000072a5  SYSCFG_DL_init                       
000072c9  __aeabi_lmul                         
000072c9  __muldi3                             
000072ed  btn_back_cb                          
00007311  memccpy                              
00007335  OLED_UI_Back                         
00007355  OLED_UI_Init                         
00007375  TIMA0_IRQHandler                     
00007395  main                                 
000073b5  __aeabi_llsl                         
000073b5  __ashldi3                            
000073d5  DL_Timer_setClockConfig              
000073f1  Delay_ms                             
0000740d  OLED_Brightness                      
00007459  debug_uart_init                      
00007471  timer_init                           
00007489  OLED_Clear                           
0000749d  __aeabi_uldivmod                     
000074c5  DL_UART_setClockConfig               
000074d7  TI_memcpy_small                      
000074e9  __TI_decompress_none                 
000074fd  BrightnessWindow                     
0000750d  EmptyWindow                          
0000751d  ShowFloatDataWindow                  
0000752d  ShowIntDataWindow                    
0000753d  ShowTextWindow                       
0000754d  wcslen                               
0000755d  __TI_zero_init                       
0000756d  __aeabi_memset                       
0000756d  __aeabi_memset4                      
0000756d  __aeabi_memset8                      
00007589  TI_memset_small                      
00007599  __aeabi_memclr                       
00007599  __aeabi_memclr4                      
00007599  __aeabi_memclr8                      
000075bd  DL_Common_delayCycles                
00007619  __aeabi_memcpy                       
00007619  __aeabi_memcpy4                      
00007619  __aeabi_memcpy8                      
00007639  abort                                
0000763f  Encoder_Get                          
00007642  C$$EXIT                              
00007643  HOSTexit                             
00007647  Reset_Handler                        
0000764b  _system_pre_init                     
00007650  OLED_CF20x20                         
00008350  OLED_CF16x16                         
00009040  OLED_CF12x12                         
00009b68  OLED_F10x20                          
0000a68a  OLED_F8x16                           
0000ac7a  OLED_F7x12                           
0000b1ac  UnKnown                              
0000b43c  OLED_CF8x8                           
0000b6c4  OLED_F6x8                            
0000b900  __aeabi_ctype_table_                 
0000b900  __aeabi_ctype_table_C                
0000ba01  OLED_UI_SettingsLogo                 
0000bb01  OLED_UI_LOGOTEXT64                   
0000bbd1  Image_alipay                         
0000bc51  Image_calc                           
0000bcd1  Image_more                           
0000bd51  Image_night                          
0000bdd1  Image_setings                        
0000be51  Image_wechat                         
0000bed1  OLED_UI_LOGOGithub                   
0000c72d  Arrow                                
0000cc54  __TI_Handler_Table_Base              
0000cc60  __TI_Handler_Table_Limit             
0000cc68  __TI_CINIT_Base                      
0000cc78  __TI_CINIT_Limit                     
0000cc78  __TI_CINIT_Warm                      
20200000  LongListMenuItems                    
20200000  __start___llvm_prf_bits              
20200000  __start___llvm_prf_cnts              
20200000  __stop___llvm_prf_bits               
20200000  __stop___llvm_prf_cnts               
20200c48  Font12MenuItems                      
20200d98  Font16MenuItems                      
20200ee8  Font20MenuItems                      
20201038  Font8MenuItems                       
20201188  MoreMenuItems                        
202012d8  SmallAreaMenuItems                   
20201428  SpringMenuItems                      
20201578  AboutThisDeviceMenuItems             
20201668  SettingsMenuItems                    
20201728  MainMenuItems                        
202017d0  AboutOLED_UIMenuItems                
20201860  LongMenuItems                        
202018f0  AboutOLED_UIMenuPage                 
2020193c  AboutThisDeviceMenuPage              
20201988  Font12MenuPage                       
202019d4  Font16MenuPage                       
20201a20  Font20MenuPage                       
20201a6c  Font8MenuPage                        
20201ab8  LongListMenuPage                     
20201b04  LongMenuPage                         
20201b50  MainMenuPage                         
20201b9c  MoreMenuPage                         
20201be8  SettingsMenuPage                     
20201c34  SmallAreaMenuPage                    
20201c80  SpringMenuPage                       
20201ccc  FloatDataWindow                      
20201d10  IntDataWindow                        
20201d54  NullWindow                           
20201d98  SetBrightnessWindow                  
20201ddc  TextWindow                           
20201e20  OLED_FPS                             
20201e26  OLED_UI_Brightness                   
20201e28  CurrentMenuPage                      
20201e2c  CurrentWindow                        
20201e30  OLED_SustainCounter                  
20201e34  OLED_UI_Key                          
20201e38  OLED_UI_LastKey                      
20201e3c  __aeabi_errno                        
20201e44  key_menu                             
20201e48  testfloatnum                         
20201e4c  testintnum                           
20201e50  WindowProbDeltaData                  
20201e5a  ColorMode                            
20201e5b  FadeOutFlag                          
20201e5c  KeyEnterFlag                         
20201e5d  OLED_ColorMode                       
20201e5e  OLED_UI_ShowFps                      
20201e60  OLED_DisplayBuf                      
20202260  gTIMER_TICKBackup                    
2020231c  debug_uart                           
202023a0  OLED_UI_Cursor                       
20202400  OLED_UI_MenuFrame                    
20202460  OLED_UI_Window                       
202024f8  LogoMove                             
20202528  LogoTextMove                         
20202558  OLED_UI_PageStartPoint               
20202588  WelcomeTextMove                      
202025b8  OLED_UI_LineStep                     
202025d0  OLED_UI_ProbWidth                    
202025e8  OLED_UI_ScrollBarHeight              
20202608  _sys_memory                          
20207e00  __stack                              
20208000  __STACK_END                          
ffffffff  __TI_pprof_out_hndl                  
ffffffff  __TI_prof_data_size                  
ffffffff  __TI_prof_data_start                 
ffffffff  __binit__                            
ffffffff  binit                                
UNDEFED   __mpu_init                           
UNDEFED   _system_post_cinit                   

[337 symbols]
