<?xml version="1.0" encoding="ISO-8859-1" ?>
<link_info>
   <banner>TI ARM Clang Linker PC v4.0.3.LTS</banner>
   <copyright>Copyright (c) 1996-2018 Texas Instruments Incorporated</copyright>
   <command_line>D:\TI\CCS\ccs\tools\compiler\ti-cgt-armllvm_4.0.3.LTS\bin\tiarmlnk -ID:\TI\CCS\ccs\tools\compiler\ti-cgt-armllvm_4.0.3.LTS\lib -o oeldui.out -moeldui.map --heap_size=0x400 --stack_size=0x400 -iD:/TI/CCS/mspm0_sdk_2_05_01_00/source -iE:/github/OLED_UI/OLED_UI_Examples/MSPM0G3507/ccs/oeldui -iE:/github/OLED_UI/OLED_UI_Examples/MSPM0G3507/ccs/oeldui/Debug/syscfg -iD:/TI/CCS/ccs/tools/compiler/ti-cgt-armllvm_4.0.3.LTS/lib --diag_wrap=off --display_error_number --warn_sections --xml_link_info=oeldui_linkInfo.xml --rom_model ./empty.o ./ti_msp_dl_config.o ./startup_mspm0g350x_ticlang.o ./app/app_key_task.o ./hardware/hw_key.o ./middle/mid_button.o ./middle/mid_debug_led.o ./middle/mid_debug_uart.o ./middle/mid_timer.o ./oledUI/OLED.o ./oledUI/OLED_Fonts.o ./oledUI/OLED_UI.o ./oledUI/OLED_UI_Driver.o ./oledUI/OLED_UI_MenuData.o ./oledUI/OLED_driver.o -l./device_linker.cmd -ldevice.cmd.genlibs -llibc.a --start-group -llibc++.a -llibc++abi.a -llibc.a -llibsys.a -llibsysbm.a -llibclang_rt.builtins.a -llibclang_rt.profile.a --end-group --cg_opt_level=1</command_line>
   <link_time>0x68bff27e</link_time>
   <link_errors>0x0</link_errors>
   <output_file>E:\github\OLED_UI\OLED_UI_Examples\MSPM0G3507\ccs\oeldui\Debug\oeldui.out</output_file>
   <entry_point>
      <name>_c_int00_noargs</name>
      <address>0x727d</address>
   </entry_point>
   <input_file_list>
      <input_file id="fl-1">
         <path>E:\github\OLED_UI\OLED_UI_Examples\MSPM0G3507\ccs\oeldui\Debug\.\</path>
         <kind>object</kind>
         <file>empty.o</file>
         <name>empty.o</name>
      </input_file>
      <input_file id="fl-2">
         <path>E:\github\OLED_UI\OLED_UI_Examples\MSPM0G3507\ccs\oeldui\Debug\.\</path>
         <kind>object</kind>
         <file>ti_msp_dl_config.o</file>
         <name>ti_msp_dl_config.o</name>
      </input_file>
      <input_file id="fl-3">
         <path>E:\github\OLED_UI\OLED_UI_Examples\MSPM0G3507\ccs\oeldui\Debug\.\</path>
         <kind>object</kind>
         <file>startup_mspm0g350x_ticlang.o</file>
         <name>startup_mspm0g350x_ticlang.o</name>
      </input_file>
      <input_file id="fl-4">
         <path>E:\github\OLED_UI\OLED_UI_Examples\MSPM0G3507\ccs\oeldui\Debug\.\app\</path>
         <kind>object</kind>
         <file>app_key_task.o</file>
         <name>app_key_task.o</name>
      </input_file>
      <input_file id="fl-5">
         <path>E:\github\OLED_UI\OLED_UI_Examples\MSPM0G3507\ccs\oeldui\Debug\.\hardware\</path>
         <kind>object</kind>
         <file>hw_key.o</file>
         <name>hw_key.o</name>
      </input_file>
      <input_file id="fl-6">
         <path>E:\github\OLED_UI\OLED_UI_Examples\MSPM0G3507\ccs\oeldui\Debug\.\middle\</path>
         <kind>object</kind>
         <file>mid_button.o</file>
         <name>mid_button.o</name>
      </input_file>
      <input_file id="fl-7">
         <path>E:\github\OLED_UI\OLED_UI_Examples\MSPM0G3507\ccs\oeldui\Debug\.\middle\</path>
         <kind>object</kind>
         <file>mid_debug_led.o</file>
         <name>mid_debug_led.o</name>
      </input_file>
      <input_file id="fl-8">
         <path>E:\github\OLED_UI\OLED_UI_Examples\MSPM0G3507\ccs\oeldui\Debug\.\middle\</path>
         <kind>object</kind>
         <file>mid_debug_uart.o</file>
         <name>mid_debug_uart.o</name>
      </input_file>
      <input_file id="fl-9">
         <path>E:\github\OLED_UI\OLED_UI_Examples\MSPM0G3507\ccs\oeldui\Debug\.\middle\</path>
         <kind>object</kind>
         <file>mid_timer.o</file>
         <name>mid_timer.o</name>
      </input_file>
      <input_file id="fl-a">
         <path>E:\github\OLED_UI\OLED_UI_Examples\MSPM0G3507\ccs\oeldui\Debug\.\oledUI\</path>
         <kind>object</kind>
         <file>OLED.o</file>
         <name>OLED.o</name>
      </input_file>
      <input_file id="fl-b">
         <path>E:\github\OLED_UI\OLED_UI_Examples\MSPM0G3507\ccs\oeldui\Debug\.\oledUI\</path>
         <kind>object</kind>
         <file>OLED_Fonts.o</file>
         <name>OLED_Fonts.o</name>
      </input_file>
      <input_file id="fl-c">
         <path>E:\github\OLED_UI\OLED_UI_Examples\MSPM0G3507\ccs\oeldui\Debug\.\oledUI\</path>
         <kind>object</kind>
         <file>OLED_UI.o</file>
         <name>OLED_UI.o</name>
      </input_file>
      <input_file id="fl-d">
         <path>E:\github\OLED_UI\OLED_UI_Examples\MSPM0G3507\ccs\oeldui\Debug\.\oledUI\</path>
         <kind>object</kind>
         <file>OLED_UI_Driver.o</file>
         <name>OLED_UI_Driver.o</name>
      </input_file>
      <input_file id="fl-e">
         <path>E:\github\OLED_UI\OLED_UI_Examples\MSPM0G3507\ccs\oeldui\Debug\.\oledUI\</path>
         <kind>object</kind>
         <file>OLED_UI_MenuData.o</file>
         <name>OLED_UI_MenuData.o</name>
      </input_file>
      <input_file id="fl-f">
         <path>E:\github\OLED_UI\OLED_UI_Examples\MSPM0G3507\ccs\oeldui\Debug\.\oledUI\</path>
         <kind>object</kind>
         <file>OLED_driver.o</file>
         <name>OLED_driver.o</name>
      </input_file>
      <input_file id="fl-1c">
         <path>E:\github\OLED_UI\OLED_UI_Examples\MSPM0G3507\ccs\oeldui\Debug\</path>
         <kind>object</kind>
         <file>&lt;internal&gt;</file>
         <name>&lt;internal&gt;</name>
      </input_file>
      <input_file id="fl-1d">
         <path>D:\TI\CCS\mspm0_sdk_2_05_01_00\source\ti\driverlib\lib\ticlang\m0p\mspm0g1x0x_g3x0x\</path>
         <kind>archive</kind>
         <file>driverlib.a</file>
         <name>dl_common.o</name>
      </input_file>
      <input_file id="fl-1e">
         <path>D:\TI\CCS\mspm0_sdk_2_05_01_00\source\ti\driverlib\lib\ticlang\m0p\mspm0g1x0x_g3x0x\</path>
         <kind>archive</kind>
         <file>driverlib.a</file>
         <name>dl_timer.o</name>
      </input_file>
      <input_file id="fl-1f">
         <path>D:\TI\CCS\mspm0_sdk_2_05_01_00\source\ti\driverlib\lib\ticlang\m0p\mspm0g1x0x_g3x0x\</path>
         <kind>archive</kind>
         <file>driverlib.a</file>
         <name>dl_uart.o</name>
      </input_file>
      <input_file id="fl-20">
         <path>D:\TI\CCS\mspm0_sdk_2_05_01_00\source\ti\driverlib\lib\ticlang\m0p\mspm0g1x0x_g3x0x\</path>
         <kind>archive</kind>
         <file>driverlib.a</file>
         <name>dl_sysctl_mspm0g1x0x_g3x0x.o</name>
      </input_file>
      <input_file id="fl-37">
         <path>D:\TI\CCS\ccs\tools\compiler\ti-cgt-armllvm_4.0.3.LTS\lib\armv6m-ti-none-eabi\c\</path>
         <kind>archive</kind>
         <file>libc.a</file>
         <name>vsnprintf.c.obj</name>
      </input_file>
      <input_file id="fl-38">
         <path>D:\TI\CCS\ccs\tools\compiler\ti-cgt-armllvm_4.0.3.LTS\lib\armv6m-ti-none-eabi\c\</path>
         <kind>archive</kind>
         <file>libc.a</file>
         <name>vsprintf.c.obj</name>
      </input_file>
      <input_file id="fl-39">
         <path>D:\TI\CCS\ccs\tools\compiler\ti-cgt-armllvm_4.0.3.LTS\lib\armv6m-ti-none-eabi\c\</path>
         <kind>archive</kind>
         <file>libc.a</file>
         <name>e_atan2.c.obj</name>
      </input_file>
      <input_file id="fl-3a">
         <path>D:\TI\CCS\ccs\tools\compiler\ti-cgt-armllvm_4.0.3.LTS\lib\armv6m-ti-none-eabi\c\</path>
         <kind>archive</kind>
         <file>libc.a</file>
         <name>s_atan.c.obj</name>
      </input_file>
      <input_file id="fl-3b">
         <path>D:\TI\CCS\ccs\tools\compiler\ti-cgt-armllvm_4.0.3.LTS\lib\armv6m-ti-none-eabi\c\</path>
         <kind>archive</kind>
         <file>libc.a</file>
         <name>s_round.c.obj</name>
      </input_file>
      <input_file id="fl-3c">
         <path>D:\TI\CCS\ccs\tools\compiler\ti-cgt-armllvm_4.0.3.LTS\lib\armv6m-ti-none-eabi\c\</path>
         <kind>archive</kind>
         <file>libc.a</file>
         <name>ti_fmax.c.obj</name>
      </input_file>
      <input_file id="fl-3d">
         <path>D:\TI\CCS\ccs\tools\compiler\ti-cgt-armllvm_4.0.3.LTS\lib\armv6m-ti-none-eabi\c\</path>
         <kind>archive</kind>
         <file>libc.a</file>
         <name>s_ceilf.c.obj</name>
      </input_file>
      <input_file id="fl-3e">
         <path>D:\TI\CCS\ccs\tools\compiler\ti-cgt-armllvm_4.0.3.LTS\lib\armv6m-ti-none-eabi\c\</path>
         <kind>archive</kind>
         <file>libc.a</file>
         <name>strcmp-armv6m.S.obj</name>
      </input_file>
      <input_file id="fl-3f">
         <path>D:\TI\CCS\ccs\tools\compiler\ti-cgt-armllvm_4.0.3.LTS\lib\armv6m-ti-none-eabi\c\</path>
         <kind>archive</kind>
         <file>libc.a</file>
         <name>boot_cortex_m.c.obj</name>
      </input_file>
      <input_file id="fl-40">
         <path>D:\TI\CCS\ccs\tools\compiler\ti-cgt-armllvm_4.0.3.LTS\lib\armv6m-ti-none-eabi\c\</path>
         <kind>archive</kind>
         <file>libc.a</file>
         <name>mathacl_init.c.obj</name>
      </input_file>
      <input_file id="fl-41">
         <path>D:\TI\CCS\ccs\tools\compiler\ti-cgt-armllvm_4.0.3.LTS\lib\armv6m-ti-none-eabi\c\</path>
         <kind>archive</kind>
         <file>libc.a</file>
         <name>autoinit.c.obj</name>
      </input_file>
      <input_file id="fl-42">
         <path>D:\TI\CCS\ccs\tools\compiler\ti-cgt-armllvm_4.0.3.LTS\lib\armv6m-ti-none-eabi\c\</path>
         <kind>archive</kind>
         <file>libc.a</file>
         <name>pre_init.c.obj</name>
      </input_file>
      <input_file id="fl-43">
         <path>D:\TI\CCS\ccs\tools\compiler\ti-cgt-armllvm_4.0.3.LTS\lib\armv6m-ti-none-eabi\c\</path>
         <kind>archive</kind>
         <file>libc.a</file>
         <name>cpy_tbl.c.obj</name>
      </input_file>
      <input_file id="fl-44">
         <path>D:\TI\CCS\ccs\tools\compiler\ti-cgt-armllvm_4.0.3.LTS\lib\armv6m-ti-none-eabi\c\</path>
         <kind>archive</kind>
         <file>libc.a</file>
         <name>copy_zero_init.c.obj</name>
      </input_file>
      <input_file id="fl-45">
         <path>D:\TI\CCS\ccs\tools\compiler\ti-cgt-armllvm_4.0.3.LTS\lib\armv6m-ti-none-eabi\c\</path>
         <kind>archive</kind>
         <file>libc.a</file>
         <name>copy_decompress_none.c.obj</name>
      </input_file>
      <input_file id="fl-46">
         <path>D:\TI\CCS\ccs\tools\compiler\ti-cgt-armllvm_4.0.3.LTS\lib\armv6m-ti-none-eabi\c\</path>
         <kind>archive</kind>
         <file>libc.a</file>
         <name>copy_decompress_lzss.c.obj</name>
      </input_file>
      <input_file id="fl-47">
         <path>D:\TI\CCS\ccs\tools\compiler\ti-cgt-armllvm_4.0.3.LTS\lib\armv6m-ti-none-eabi\c\</path>
         <kind>archive</kind>
         <file>libc.a</file>
         <name>_printfi.c.obj</name>
      </input_file>
      <input_file id="fl-48">
         <path>D:\TI\CCS\ccs\tools\compiler\ti-cgt-armllvm_4.0.3.LTS\lib\armv6m-ti-none-eabi\c\</path>
         <kind>archive</kind>
         <file>libc.a</file>
         <name>s_floor.c.obj</name>
      </input_file>
      <input_file id="fl-49">
         <path>D:\TI\CCS\ccs\tools\compiler\ti-cgt-armllvm_4.0.3.LTS\lib\armv6m-ti-none-eabi\c\</path>
         <kind>archive</kind>
         <file>libc.a</file>
         <name>s_frexp.c.obj</name>
      </input_file>
      <input_file id="fl-4a">
         <path>D:\TI\CCS\ccs\tools\compiler\ti-cgt-armllvm_4.0.3.LTS\lib\armv6m-ti-none-eabi\c\</path>
         <kind>archive</kind>
         <file>libc.a</file>
         <name>s_scalbn.c.obj</name>
      </input_file>
      <input_file id="fl-4b">
         <path>D:\TI\CCS\ccs\tools\compiler\ti-cgt-armllvm_4.0.3.LTS\lib\armv6m-ti-none-eabi\c\</path>
         <kind>archive</kind>
         <file>libc.a</file>
         <name>wcslen.c.obj</name>
      </input_file>
      <input_file id="fl-4c">
         <path>D:\TI\CCS\ccs\tools\compiler\ti-cgt-armllvm_4.0.3.LTS\lib\armv6m-ti-none-eabi\c\</path>
         <kind>archive</kind>
         <file>libc.a</file>
         <name>aeabi_portable.c.obj</name>
      </input_file>
      <input_file id="fl-4d">
         <path>D:\TI\CCS\ccs\tools\compiler\ti-cgt-armllvm_4.0.3.LTS\lib\armv6m-ti-none-eabi\c\</path>
         <kind>archive</kind>
         <file>libc.a</file>
         <name>exit.c.obj</name>
      </input_file>
      <input_file id="fl-4e">
         <path>D:\TI\CCS\ccs\tools\compiler\ti-cgt-armllvm_4.0.3.LTS\lib\armv6m-ti-none-eabi\c\</path>
         <kind>archive</kind>
         <file>libc.a</file>
         <name>_lock.c.obj</name>
      </input_file>
      <input_file id="fl-4f">
         <path>D:\TI\CCS\ccs\tools\compiler\ti-cgt-armllvm_4.0.3.LTS\lib\armv6m-ti-none-eabi\c\</path>
         <kind>archive</kind>
         <file>libc.a</file>
         <name>_ltoa.c.obj</name>
      </input_file>
      <input_file id="fl-50">
         <path>D:\TI\CCS\ccs\tools\compiler\ti-cgt-armllvm_4.0.3.LTS\lib\armv6m-ti-none-eabi\c\</path>
         <kind>archive</kind>
         <file>libc.a</file>
         <name>args_main.c.obj</name>
      </input_file>
      <input_file id="fl-51">
         <path>D:\TI\CCS\ccs\tools\compiler\ti-cgt-armllvm_4.0.3.LTS\lib\armv6m-ti-none-eabi\c\</path>
         <kind>archive</kind>
         <file>libc.a</file>
         <name>assert.c.obj</name>
      </input_file>
      <input_file id="fl-52">
         <path>D:\TI\CCS\ccs\tools\compiler\ti-cgt-armllvm_4.0.3.LTS\lib\armv6m-ti-none-eabi\c\</path>
         <kind>archive</kind>
         <file>libc.a</file>
         <name>atoi.c.obj</name>
      </input_file>
      <input_file id="fl-53">
         <path>D:\TI\CCS\ccs\tools\compiler\ti-cgt-armllvm_4.0.3.LTS\lib\armv6m-ti-none-eabi\c\</path>
         <kind>archive</kind>
         <file>libc.a</file>
         <name>defs.c.obj</name>
      </input_file>
      <input_file id="fl-54">
         <path>D:\TI\CCS\ccs\tools\compiler\ti-cgt-armllvm_4.0.3.LTS\lib\armv6m-ti-none-eabi\c\</path>
         <kind>archive</kind>
         <file>libc.a</file>
         <name>memccpy.c.obj</name>
      </input_file>
      <input_file id="fl-55">
         <path>D:\TI\CCS\ccs\tools\compiler\ti-cgt-armllvm_4.0.3.LTS\lib\armv6m-ti-none-eabi\c\</path>
         <kind>archive</kind>
         <file>libc.a</file>
         <name>memory.c.obj</name>
      </input_file>
      <input_file id="fl-56">
         <path>D:\TI\CCS\ccs\tools\compiler\ti-cgt-armllvm_4.0.3.LTS\lib\armv6m-ti-none-eabi\c\</path>
         <kind>archive</kind>
         <file>libc.a</file>
         <name>sprintf.c.obj</name>
      </input_file>
      <input_file id="fl-57">
         <path>D:\TI\CCS\ccs\tools\compiler\ti-cgt-armllvm_4.0.3.LTS\lib\armv6m-ti-none-eabi\c\</path>
         <kind>archive</kind>
         <file>libc.a</file>
         <name>fflush.c.obj</name>
      </input_file>
      <input_file id="fl-58">
         <path>D:\TI\CCS\ccs\tools\compiler\ti-cgt-armllvm_4.0.3.LTS\lib\armv6m-ti-none-eabi\c\</path>
         <kind>archive</kind>
         <file>libc.a</file>
         <name>fputs.c.obj</name>
      </input_file>
      <input_file id="fl-59">
         <path>D:\TI\CCS\ccs\tools\compiler\ti-cgt-armllvm_4.0.3.LTS\lib\armv6m-ti-none-eabi\c\</path>
         <kind>archive</kind>
         <file>libc.a</file>
         <name>_io_perm.c.obj</name>
      </input_file>
      <input_file id="fl-5a">
         <path>D:\TI\CCS\ccs\tools\compiler\ti-cgt-armllvm_4.0.3.LTS\lib\armv6m-ti-none-eabi\c\</path>
         <kind>archive</kind>
         <file>libc.a</file>
         <name>setvbuf.c.obj</name>
      </input_file>
      <input_file id="fl-5b">
         <path>D:\TI\CCS\ccs\tools\compiler\ti-cgt-armllvm_4.0.3.LTS\lib\armv6m-ti-none-eabi\c\</path>
         <kind>archive</kind>
         <file>libc.a</file>
         <name>aeabi_ctype.S.obj</name>
      </input_file>
      <input_file id="fl-5c">
         <path>D:\TI\CCS\ccs\tools\compiler\ti-cgt-armllvm_4.0.3.LTS\lib\armv6m-ti-none-eabi\c\</path>
         <kind>archive</kind>
         <file>libc.a</file>
         <name>fopen.c.obj</name>
      </input_file>
      <input_file id="fl-5d">
         <path>D:\TI\CCS\ccs\tools\compiler\ti-cgt-armllvm_4.0.3.LTS\lib\armv6m-ti-none-eabi\c\</path>
         <kind>archive</kind>
         <file>libc.a</file>
         <name>fseek.c.obj</name>
      </input_file>
      <input_file id="fl-5e">
         <path>D:\TI\CCS\ccs\tools\compiler\ti-cgt-armllvm_4.0.3.LTS\lib\armv6m-ti-none-eabi\c\</path>
         <kind>archive</kind>
         <file>libc.a</file>
         <name>fclose.c.obj</name>
      </input_file>
      <input_file id="fl-fe">
         <path>D:\TI\CCS\ccs\tools\compiler\ti-cgt-armllvm_4.0.3.LTS\lib\armv6m-ti-none-eabi\c\</path>
         <kind>archive</kind>
         <file>libsysbm.a</file>
         <name>hostexit.c.obj</name>
      </input_file>
      <input_file id="fl-ff">
         <path>D:\TI\CCS\ccs\tools\compiler\ti-cgt-armllvm_4.0.3.LTS\lib\armv6m-ti-none-eabi\c\</path>
         <kind>archive</kind>
         <file>libsysbm.a</file>
         <name>write.c.obj</name>
      </input_file>
      <input_file id="fl-100">
         <path>D:\TI\CCS\ccs\tools\compiler\ti-cgt-armllvm_4.0.3.LTS\lib\armv6m-ti-none-eabi\c\</path>
         <kind>archive</kind>
         <file>libsysbm.a</file>
         <name>host_device.c.obj</name>
      </input_file>
      <input_file id="fl-101">
         <path>D:\TI\CCS\ccs\tools\compiler\ti-cgt-armllvm_4.0.3.LTS\lib\armv6m-ti-none-eabi\c\</path>
         <kind>archive</kind>
         <file>libsysbm.a</file>
         <name>remove.c.obj</name>
      </input_file>
      <input_file id="fl-102">
         <path>D:\TI\CCS\ccs\tools\compiler\ti-cgt-armllvm_4.0.3.LTS\lib\armv6m-ti-none-eabi\c\</path>
         <kind>archive</kind>
         <file>libsysbm.a</file>
         <name>open.c.obj</name>
      </input_file>
      <input_file id="fl-103">
         <path>D:\TI\CCS\ccs\tools\compiler\ti-cgt-armllvm_4.0.3.LTS\lib\armv6m-ti-none-eabi\c\</path>
         <kind>archive</kind>
         <file>libsysbm.a</file>
         <name>lseek.c.obj</name>
      </input_file>
      <input_file id="fl-104">
         <path>D:\TI\CCS\ccs\tools\compiler\ti-cgt-armllvm_4.0.3.LTS\lib\armv6m-ti-none-eabi\c\</path>
         <kind>archive</kind>
         <file>libsysbm.a</file>
         <name>close.c.obj</name>
      </input_file>
      <input_file id="fl-105">
         <path>D:\TI\CCS\ccs\tools\compiler\ti-cgt-armllvm_4.0.3.LTS\lib\armv6m-ti-none-eabi\c\</path>
         <kind>archive</kind>
         <file>libsysbm.a</file>
         <name>unlink.c.obj</name>
      </input_file>
      <input_file id="fl-106">
         <path>D:\TI\CCS\ccs\tools\compiler\ti-cgt-armllvm_4.0.3.LTS\lib\armv6m-ti-none-eabi\c\</path>
         <kind>archive</kind>
         <file>libsysbm.a</file>
         <name>hostclose.c.obj</name>
      </input_file>
      <input_file id="fl-107">
         <path>D:\TI\CCS\ccs\tools\compiler\ti-cgt-armllvm_4.0.3.LTS\lib\armv6m-ti-none-eabi\c\</path>
         <kind>archive</kind>
         <file>libsysbm.a</file>
         <name>hostlseek.c.obj</name>
      </input_file>
      <input_file id="fl-108">
         <path>D:\TI\CCS\ccs\tools\compiler\ti-cgt-armllvm_4.0.3.LTS\lib\armv6m-ti-none-eabi\c\</path>
         <kind>archive</kind>
         <file>libsysbm.a</file>
         <name>hostopen.c.obj</name>
      </input_file>
      <input_file id="fl-109">
         <path>D:\TI\CCS\ccs\tools\compiler\ti-cgt-armllvm_4.0.3.LTS\lib\armv6m-ti-none-eabi\c\</path>
         <kind>archive</kind>
         <file>libsysbm.a</file>
         <name>hostread.c.obj</name>
      </input_file>
      <input_file id="fl-10a">
         <path>D:\TI\CCS\ccs\tools\compiler\ti-cgt-armllvm_4.0.3.LTS\lib\armv6m-ti-none-eabi\c\</path>
         <kind>archive</kind>
         <file>libsysbm.a</file>
         <name>hostrename.c.obj</name>
      </input_file>
      <input_file id="fl-10b">
         <path>D:\TI\CCS\ccs\tools\compiler\ti-cgt-armllvm_4.0.3.LTS\lib\armv6m-ti-none-eabi\c\</path>
         <kind>archive</kind>
         <file>libsysbm.a</file>
         <name>hostunlink.c.obj</name>
      </input_file>
      <input_file id="fl-10c">
         <path>D:\TI\CCS\ccs\tools\compiler\ti-cgt-armllvm_4.0.3.LTS\lib\armv6m-ti-none-eabi\c\</path>
         <kind>archive</kind>
         <file>libsysbm.a</file>
         <name>hostwrite.c.obj</name>
      </input_file>
      <input_file id="fl-10d">
         <path>D:\TI\CCS\ccs\tools\compiler\ti-cgt-armllvm_4.0.3.LTS\lib\armv6m-ti-none-eabi\c\</path>
         <kind>archive</kind>
         <file>libsysbm.a</file>
         <name>trgmsg.c.obj</name>
      </input_file>
      <input_file id="fl-10e">
         <path>D:\TI\CCS\ccs\tools\compiler\ti-cgt-armllvm_4.0.3.LTS\lib\armv6m-ti-none-eabi\</path>
         <kind>archive</kind>
         <file>libclang_rt.builtins.a</file>
         <name>addsf3.S.obj</name>
      </input_file>
      <input_file id="fl-10f">
         <path>D:\TI\CCS\ccs\tools\compiler\ti-cgt-armllvm_4.0.3.LTS\lib\armv6m-ti-none-eabi\</path>
         <kind>archive</kind>
         <file>libclang_rt.builtins.a</file>
         <name>adddf3.S.obj</name>
      </input_file>
      <input_file id="fl-110">
         <path>D:\TI\CCS\ccs\tools\compiler\ti-cgt-armllvm_4.0.3.LTS\lib\armv6m-ti-none-eabi\</path>
         <kind>archive</kind>
         <file>libclang_rt.builtins.a</file>
         <name>muldf3.S.obj</name>
      </input_file>
      <input_file id="fl-111">
         <path>D:\TI\CCS\ccs\tools\compiler\ti-cgt-armllvm_4.0.3.LTS\lib\armv6m-ti-none-eabi\</path>
         <kind>archive</kind>
         <file>libclang_rt.builtins.a</file>
         <name>muldsi3.S.obj</name>
      </input_file>
      <input_file id="fl-112">
         <path>D:\TI\CCS\ccs\tools\compiler\ti-cgt-armllvm_4.0.3.LTS\lib\armv6m-ti-none-eabi\</path>
         <kind>archive</kind>
         <file>libclang_rt.builtins.a</file>
         <name>mulsf3.S.obj</name>
      </input_file>
      <input_file id="fl-113">
         <path>D:\TI\CCS\ccs\tools\compiler\ti-cgt-armllvm_4.0.3.LTS\lib\armv6m-ti-none-eabi\</path>
         <kind>archive</kind>
         <file>libclang_rt.builtins.a</file>
         <name>divsf3.S.obj</name>
      </input_file>
      <input_file id="fl-114">
         <path>D:\TI\CCS\ccs\tools\compiler\ti-cgt-armllvm_4.0.3.LTS\lib\armv6m-ti-none-eabi\</path>
         <kind>archive</kind>
         <file>libclang_rt.builtins.a</file>
         <name>divdf3.S.obj</name>
      </input_file>
      <input_file id="fl-115">
         <path>D:\TI\CCS\ccs\tools\compiler\ti-cgt-armllvm_4.0.3.LTS\lib\armv6m-ti-none-eabi\</path>
         <kind>archive</kind>
         <file>libclang_rt.builtins.a</file>
         <name>extendsfdf2.S.obj</name>
      </input_file>
      <input_file id="fl-116">
         <path>D:\TI\CCS\ccs\tools\compiler\ti-cgt-armllvm_4.0.3.LTS\lib\armv6m-ti-none-eabi\</path>
         <kind>archive</kind>
         <file>libclang_rt.builtins.a</file>
         <name>fixdfsi.S.obj</name>
      </input_file>
      <input_file id="fl-117">
         <path>D:\TI\CCS\ccs\tools\compiler\ti-cgt-armllvm_4.0.3.LTS\lib\armv6m-ti-none-eabi\</path>
         <kind>archive</kind>
         <file>libclang_rt.builtins.a</file>
         <name>fixsfdi.S.obj</name>
      </input_file>
      <input_file id="fl-118">
         <path>D:\TI\CCS\ccs\tools\compiler\ti-cgt-armllvm_4.0.3.LTS\lib\armv6m-ti-none-eabi\</path>
         <kind>archive</kind>
         <file>libclang_rt.builtins.a</file>
         <name>fixsfsi.S.obj</name>
      </input_file>
      <input_file id="fl-119">
         <path>D:\TI\CCS\ccs\tools\compiler\ti-cgt-armllvm_4.0.3.LTS\lib\armv6m-ti-none-eabi\</path>
         <kind>archive</kind>
         <file>libclang_rt.builtins.a</file>
         <name>fixunsdfsi.S.obj</name>
      </input_file>
      <input_file id="fl-11a">
         <path>D:\TI\CCS\ccs\tools\compiler\ti-cgt-armllvm_4.0.3.LTS\lib\armv6m-ti-none-eabi\</path>
         <kind>archive</kind>
         <file>libclang_rt.builtins.a</file>
         <name>floatdisf.S.obj</name>
      </input_file>
      <input_file id="fl-11b">
         <path>D:\TI\CCS\ccs\tools\compiler\ti-cgt-armllvm_4.0.3.LTS\lib\armv6m-ti-none-eabi\</path>
         <kind>archive</kind>
         <file>libclang_rt.builtins.a</file>
         <name>floatsidf.S.obj</name>
      </input_file>
      <input_file id="fl-11c">
         <path>D:\TI\CCS\ccs\tools\compiler\ti-cgt-armllvm_4.0.3.LTS\lib\armv6m-ti-none-eabi\</path>
         <kind>archive</kind>
         <file>libclang_rt.builtins.a</file>
         <name>floatsisf.S.obj</name>
      </input_file>
      <input_file id="fl-11d">
         <path>D:\TI\CCS\ccs\tools\compiler\ti-cgt-armllvm_4.0.3.LTS\lib\armv6m-ti-none-eabi\</path>
         <kind>archive</kind>
         <file>libclang_rt.builtins.a</file>
         <name>floatunsidf.S.obj</name>
      </input_file>
      <input_file id="fl-11e">
         <path>D:\TI\CCS\ccs\tools\compiler\ti-cgt-armllvm_4.0.3.LTS\lib\armv6m-ti-none-eabi\</path>
         <kind>archive</kind>
         <file>libclang_rt.builtins.a</file>
         <name>floatunsisf.S.obj</name>
      </input_file>
      <input_file id="fl-11f">
         <path>D:\TI\CCS\ccs\tools\compiler\ti-cgt-armllvm_4.0.3.LTS\lib\armv6m-ti-none-eabi\</path>
         <kind>archive</kind>
         <file>libclang_rt.builtins.a</file>
         <name>muldi3.S.obj</name>
      </input_file>
      <input_file id="fl-120">
         <path>D:\TI\CCS\ccs\tools\compiler\ti-cgt-armllvm_4.0.3.LTS\lib\armv6m-ti-none-eabi\</path>
         <kind>archive</kind>
         <file>libclang_rt.builtins.a</file>
         <name>truncdfsf2.S.obj</name>
      </input_file>
      <input_file id="fl-121">
         <path>D:\TI\CCS\ccs\tools\compiler\ti-cgt-armllvm_4.0.3.LTS\lib\armv6m-ti-none-eabi\</path>
         <kind>archive</kind>
         <file>libclang_rt.builtins.a</file>
         <name>aeabi_dcmp.S.obj</name>
      </input_file>
      <input_file id="fl-122">
         <path>D:\TI\CCS\ccs\tools\compiler\ti-cgt-armllvm_4.0.3.LTS\lib\armv6m-ti-none-eabi\</path>
         <kind>archive</kind>
         <file>libclang_rt.builtins.a</file>
         <name>aeabi_fcmp.S.obj</name>
      </input_file>
      <input_file id="fl-123">
         <path>D:\TI\CCS\ccs\tools\compiler\ti-cgt-armllvm_4.0.3.LTS\lib\armv6m-ti-none-eabi\</path>
         <kind>archive</kind>
         <file>libclang_rt.builtins.a</file>
         <name>aeabi_idivmod.S.obj</name>
      </input_file>
      <input_file id="fl-124">
         <path>D:\TI\CCS\ccs\tools\compiler\ti-cgt-armllvm_4.0.3.LTS\lib\armv6m-ti-none-eabi\</path>
         <kind>archive</kind>
         <file>libclang_rt.builtins.a</file>
         <name>aeabi_memcpy.S.obj</name>
      </input_file>
      <input_file id="fl-125">
         <path>D:\TI\CCS\ccs\tools\compiler\ti-cgt-armllvm_4.0.3.LTS\lib\armv6m-ti-none-eabi\</path>
         <kind>archive</kind>
         <file>libclang_rt.builtins.a</file>
         <name>aeabi_memset.S.obj</name>
      </input_file>
      <input_file id="fl-126">
         <path>D:\TI\CCS\ccs\tools\compiler\ti-cgt-armllvm_4.0.3.LTS\lib\armv6m-ti-none-eabi\</path>
         <kind>archive</kind>
         <file>libclang_rt.builtins.a</file>
         <name>aeabi_uidivmod.S.obj</name>
      </input_file>
      <input_file id="fl-127">
         <path>D:\TI\CCS\ccs\tools\compiler\ti-cgt-armllvm_4.0.3.LTS\lib\armv6m-ti-none-eabi\</path>
         <kind>archive</kind>
         <file>libclang_rt.builtins.a</file>
         <name>aeabi_uldivmod.S.obj</name>
      </input_file>
      <input_file id="fl-128">
         <path>D:\TI\CCS\ccs\tools\compiler\ti-cgt-armllvm_4.0.3.LTS\lib\armv6m-ti-none-eabi\</path>
         <kind>archive</kind>
         <file>libclang_rt.builtins.a</file>
         <name>comparesf2.S.obj</name>
      </input_file>
      <input_file id="fl-129">
         <path>D:\TI\CCS\ccs\tools\compiler\ti-cgt-armllvm_4.0.3.LTS\lib\armv6m-ti-none-eabi\</path>
         <kind>archive</kind>
         <file>libclang_rt.builtins.a</file>
         <name>udivmoddi4.S.obj</name>
      </input_file>
      <input_file id="fl-12a">
         <path>D:\TI\CCS\ccs\tools\compiler\ti-cgt-armllvm_4.0.3.LTS\lib\armv6m-ti-none-eabi\</path>
         <kind>archive</kind>
         <file>libclang_rt.builtins.a</file>
         <name>ashldi3.S.obj</name>
      </input_file>
      <input_file id="fl-12b">
         <path>D:\TI\CCS\ccs\tools\compiler\ti-cgt-armllvm_4.0.3.LTS\lib\armv6m-ti-none-eabi\</path>
         <kind>archive</kind>
         <file>libclang_rt.builtins.a</file>
         <name>comparedf2.c.obj</name>
      </input_file>
      <input_file id="fl-12c">
         <path>D:\TI\CCS\ccs\tools\compiler\ti-cgt-armllvm_4.0.3.LTS\lib\armv6m-ti-none-eabi\</path>
         <kind>archive</kind>
         <file>libclang_rt.builtins.a</file>
         <name>aeabi_div0.c.obj</name>
      </input_file>
      <input_file id="fl-12d">
         <path>D:\TI\CCS\ccs\tools\compiler\ti-cgt-armllvm_4.0.3.LTS\lib\armv6m-ti-none-eabi\c\</path>
         <kind>archive</kind>
         <file>libc.a</file>
         <name>getdevice.c.obj</name>
      </input_file>
      <input_file id="fl-12e">
         <path>D:\TI\CCS\ccs\tools\compiler\ti-cgt-armllvm_4.0.3.LTS\lib\armv6m-ti-none-eabi\c\</path>
         <kind>archive</kind>
         <file>libc.a</file>
         <name>memcpy16.S.obj</name>
      </input_file>
      <input_file id="fl-12f">
         <path>D:\TI\CCS\ccs\tools\compiler\ti-cgt-armllvm_4.0.3.LTS\lib\armv6m-ti-none-eabi\c\</path>
         <kind>archive</kind>
         <file>libc.a</file>
         <name>memset16.S.obj</name>
      </input_file>
   </input_file_list>
   <object_component_list>
      <object_component id="oc-18">
         <name>.intvecs</name>
         <load_address>0x0</load_address>
         <readonly>true</readonly>
         <run_address>0x0</run_address>
         <size>0xc0</size>
         <alignment>0x4</alignment>
         <input_file_ref idref="fl-3"/>
      </object_component>
      <object_component id="oc-248">
         <name>.text:__TI_printfi</name>
         <load_address>0xc0</load_address>
         <readonly>true</readonly>
         <executable>true</executable>
         <run_address>0xc0</run_address>
         <size>0x9d0</size>
         <alignment>0x4</alignment>
         <input_file_ref idref="fl-47"/>
      </object_component>
      <object_component id="oc-240">
         <name>.text.OLED_DrawArc</name>
         <load_address>0xa90</load_address>
         <readonly>true</readonly>
         <executable>true</executable>
         <run_address>0xa90</run_address>
         <size>0x898</size>
         <alignment>0x4</alignment>
         <input_file_ref idref="fl-a"/>
      </object_component>
      <object_component id="oc-194">
         <name>.text.OLED_DrawWindow</name>
         <load_address>0x1328</load_address>
         <readonly>true</readonly>
         <executable>true</executable>
         <run_address>0x1328</run_address>
         <size>0x828</size>
         <alignment>0x4</alignment>
         <input_file_ref idref="fl-c"/>
      </object_component>
      <object_component id="oc-18f">
         <name>.text.PrintMenuElements</name>
         <load_address>0x1b50</load_address>
         <readonly>true</readonly>
         <executable>true</executable>
         <run_address>0x1b50</run_address>
         <size>0x6f8</size>
         <alignment>0x4</alignment>
         <input_file_ref idref="fl-c"/>
      </object_component>
      <object_component id="oc-12c">
         <name>.text.RunFadeOut</name>
         <load_address>0x2248</load_address>
         <readonly>true</readonly>
         <executable>true</executable>
         <run_address>0x2248</run_address>
         <size>0x388</size>
         <alignment>0x4</alignment>
         <input_file_ref idref="fl-c"/>
      </object_component>
      <object_component id="oc-2c7">
         <name>.text.atan</name>
         <load_address>0x25d0</load_address>
         <readonly>true</readonly>
         <executable>true</executable>
         <run_address>0x25d0</run_address>
         <size>0x2f8</size>
         <alignment>0x4</alignment>
         <input_file_ref idref="fl-3a"/>
      </object_component>
      <object_component id="oc-71">
         <name>.text.OLED_UI_InterruptHandler</name>
         <load_address>0x28c8</load_address>
         <readonly>true</readonly>
         <executable>true</executable>
         <run_address>0x28c8</run_address>
         <size>0x2e8</size>
         <alignment>0x4</alignment>
         <input_file_ref idref="fl-c"/>
      </object_component>
      <object_component id="oc-133">
         <name>.text.MoveMenuElements</name>
         <load_address>0x2bb0</load_address>
         <readonly>true</readonly>
         <executable>true</executable>
         <run_address>0x2bb0</run_address>
         <size>0x2b8</size>
         <alignment>0x4</alignment>
         <input_file_ref idref="fl-c"/>
      </object_component>
      <object_component id="oc-200">
         <name>.text.OLED_DrawLine</name>
         <load_address>0x2e68</load_address>
         <readonly>true</readonly>
         <executable>true</executable>
         <run_address>0x2e68</run_address>
         <size>0x2ac</size>
         <alignment>0x4</alignment>
         <input_file_ref idref="fl-a"/>
      </object_component>
      <object_component id="oc-193">
         <name>.text.OLED_WindowDataDispose</name>
         <load_address>0x3114</load_address>
         <readonly>true</readonly>
         <executable>true</executable>
         <run_address>0x3114</run_address>
         <size>0x278</size>
         <alignment>0x4</alignment>
         <input_file_ref idref="fl-c"/>
      </object_component>
      <object_component id="oc-18b">
         <name>.text.SetTargetCursor</name>
         <load_address>0x338c</load_address>
         <readonly>true</readonly>
         <executable>true</executable>
         <run_address>0x338c</run_address>
         <size>0x230</size>
         <alignment>0x4</alignment>
         <input_file_ref idref="fl-c"/>
      </object_component>
      <object_component id="oc-237">
         <name>.text.OLED_ShowChineseArea</name>
         <load_address>0x35bc</load_address>
         <readonly>true</readonly>
         <executable>true</executable>
         <run_address>0x35bc</run_address>
         <size>0x22c</size>
         <alignment>0x4</alignment>
         <input_file_ref idref="fl-a"/>
      </object_component>
      <object_component id="oc-2aa">
         <name>.text._pconv_a</name>
         <load_address>0x37e8</load_address>
         <readonly>true</readonly>
         <executable>true</executable>
         <run_address>0x37e8</run_address>
         <size>0x220</size>
         <alignment>0x4</alignment>
         <input_file_ref idref="fl-47"/>
      </object_component>
      <object_component id="oc-1f9">
         <name>.text.OLED_DrawRectangle</name>
         <load_address>0x3a08</load_address>
         <readonly>true</readonly>
         <executable>true</executable>
         <run_address>0x3a08</run_address>
         <size>0x1ec</size>
         <alignment>0x4</alignment>
         <input_file_ref idref="fl-a"/>
      </object_component>
      <object_component id="oc-6b">
         <name>.text.flex_button_scan</name>
         <load_address>0x3bf4</load_address>
         <readonly>true</readonly>
         <executable>true</executable>
         <run_address>0x3bf4</run_address>
         <size>0x1e4</size>
         <alignment>0x4</alignment>
         <input_file_ref idref="fl-6"/>
      </object_component>
      <object_component id="oc-18e">
         <name>.text.ChangeFloatNum</name>
         <load_address>0x3dd8</load_address>
         <readonly>true</readonly>
         <executable>true</executable>
         <run_address>0x3dd8</run_address>
         <size>0x1dc</size>
         <alignment>0x4</alignment>
         <input_file_ref idref="fl-c"/>
      </object_component>
      <object_component id="oc-2af">
         <name>.text._pconv_g</name>
         <load_address>0x3fb4</load_address>
         <readonly>true</readonly>
         <executable>true</executable>
         <run_address>0x3fb4</run_address>
         <size>0x1dc</size>
         <alignment>0x4</alignment>
         <input_file_ref idref="fl-47"/>
      </object_component>
      <object_component id="oc-21b">
         <name>.text.OLED_ShowImage</name>
         <load_address>0x4190</load_address>
         <readonly>true</readonly>
         <executable>true</executable>
         <run_address>0x4190</run_address>
         <size>0x1b4</size>
         <alignment>0x4</alignment>
         <input_file_ref idref="fl-a"/>
      </object_component>
      <object_component id="oc-17a">
         <name>.text.OLED_WriteData</name>
         <load_address>0x4344</load_address>
         <readonly>true</readonly>
         <executable>true</executable>
         <run_address>0x4344</run_address>
         <size>0x1a8</size>
         <alignment>0x4</alignment>
         <input_file_ref idref="fl-f"/>
      </object_component>
      <object_component id="oc-1ed">
         <name>.text.adddf3_subdf3</name>
         <load_address>0x44ec</load_address>
         <readonly>true</readonly>
         <executable>true</executable>
         <run_address>0x44ec</run_address>
         <size>0x192</size>
         <alignment>0x4</alignment>
         <input_file_ref idref="fl-10f"/>
      </object_component>
      <object_component id="oc-35">
         <name>.text.Default_Handler</name>
         <load_address>0x467e</load_address>
         <readonly>true</readonly>
         <executable>true</executable>
         <run_address>0x467e</run_address>
         <size>0x2</size>
         <alignment>0x2</alignment>
         <input_file_ref idref="fl-3"/>
      </object_component>
      <object_component id="oc-283">
         <name>.text.atan2</name>
         <load_address>0x4680</load_address>
         <readonly>true</readonly>
         <executable>true</executable>
         <run_address>0x4680</run_address>
         <size>0x188</size>
         <alignment>0x4</alignment>
         <input_file_ref idref="fl-39"/>
      </object_component>
      <object_component id="oc-20f">
         <name>.text.OLED_DrawRoundedRectangle</name>
         <load_address>0x4808</load_address>
         <readonly>true</readonly>
         <executable>true</executable>
         <run_address>0x4808</run_address>
         <size>0x148</size>
         <alignment>0x4</alignment>
         <input_file_ref idref="fl-a"/>
      </object_component>
      <object_component id="oc-2fe">
         <name>.text.fcvt</name>
         <load_address>0x4950</load_address>
         <readonly>true</readonly>
         <executable>true</executable>
         <run_address>0x4950</run_address>
         <size>0x13c</size>
         <alignment>0x4</alignment>
         <input_file_ref idref="fl-47"/>
      </object_component>
      <object_component id="oc-190">
         <name>.text.ReverseCoordinate</name>
         <load_address>0x4a8c</load_address>
         <readonly>true</readonly>
         <executable>true</executable>
         <run_address>0x4a8c</run_address>
         <size>0x138</size>
         <alignment>0x4</alignment>
         <input_file_ref idref="fl-c"/>
      </object_component>
      <object_component id="oc-201">
         <name>.text.OLED_ShowImageArea</name>
         <load_address>0x4bc4</load_address>
         <readonly>true</readonly>
         <executable>true</executable>
         <run_address>0x4bc4</run_address>
         <size>0x130</size>
         <alignment>0x4</alignment>
         <input_file_ref idref="fl-a"/>
      </object_component>
      <object_component id="oc-12b">
         <name>.text.CurrentMenuPageInit</name>
         <load_address>0x4cf4</load_address>
         <readonly>true</readonly>
         <executable>true</executable>
         <run_address>0x4cf4</run_address>
         <size>0x120</size>
         <alignment>0x4</alignment>
         <input_file_ref idref="fl-c"/>
      </object_component>
      <object_component id="oc-2b1">
         <name>.text._pconv_e</name>
         <load_address>0x4e14</load_address>
         <readonly>true</readonly>
         <executable>true</executable>
         <run_address>0x4e14</run_address>
         <size>0x120</size>
         <alignment>0x4</alignment>
         <input_file_ref idref="fl-47"/>
      </object_component>
      <object_component id="oc-178">
         <name>.text.OLED_WriteCommand</name>
         <load_address>0x4f34</load_address>
         <readonly>true</readonly>
         <executable>true</executable>
         <run_address>0x4f34</run_address>
         <size>0x118</size>
         <alignment>0x4</alignment>
         <input_file_ref idref="fl-f"/>
      </object_component>
      <object_component id="oc-1f5">
         <name>.text.__divdf3</name>
         <load_address>0x504c</load_address>
         <readonly>true</readonly>
         <executable>true</executable>
         <run_address>0x504c</run_address>
         <size>0x10c</size>
         <alignment>0x4</alignment>
         <input_file_ref idref="fl-114"/>
      </object_component>
      <object_component id="oc-221">
         <name>.text.SettingAuxFunc</name>
         <load_address>0x5158</load_address>
         <readonly>true</readonly>
         <executable>true</executable>
         <run_address>0x5158</run_address>
         <size>0xf4</size>
         <alignment>0x4</alignment>
         <input_file_ref idref="fl-e"/>
      </object_component>
      <object_component id="oc-1ff">
         <name>.text.DrawLinePermix</name>
         <load_address>0x524c</load_address>
         <readonly>true</readonly>
         <executable>true</executable>
         <run_address>0x524c</run_address>
         <size>0xf0</size>
         <alignment>0x4</alignment>
         <input_file_ref idref="fl-c"/>
      </object_component>
      <object_component id="oc-168">
         <name>.text.DL_Timer_initTimerMode</name>
         <load_address>0x533c</load_address>
         <readonly>true</readonly>
         <executable>true</executable>
         <run_address>0x533c</run_address>
         <size>0xe8</size>
         <alignment>0x4</alignment>
         <input_file_ref idref="fl-1e"/>
      </object_component>
      <object_component id="oc-1e9">
         <name>.text.__muldf3</name>
         <load_address>0x5424</load_address>
         <readonly>true</readonly>
         <executable>true</executable>
         <run_address>0x5424</run_address>
         <size>0xe4</size>
         <alignment>0x4</alignment>
         <input_file_ref idref="fl-110"/>
      </object_component>
      <object_component id="oc-15f">
         <name>.text.DL_SYSCTL_configSYSPLL</name>
         <load_address>0x5508</load_address>
         <readonly>true</readonly>
         <executable>true</executable>
         <run_address>0x5508</run_address>
         <size>0xdc</size>
         <alignment>0x4</alignment>
         <input_file_ref idref="fl-20"/>
      </object_component>
      <object_component id="oc-185">
         <name>.text.OLED_UI_FadeOut_Masking</name>
         <load_address>0x55e4</load_address>
         <readonly>true</readonly>
         <executable>true</executable>
         <run_address>0x55e4</run_address>
         <size>0xd8</size>
         <alignment>0x4</alignment>
         <input_file_ref idref="fl-c"/>
      </object_component>
      <object_component id="oc-2e9">
         <name>.text.scalbn</name>
         <load_address>0x56bc</load_address>
         <readonly>true</readonly>
         <executable>true</executable>
         <run_address>0x56bc</run_address>
         <size>0xd8</size>
         <alignment>0x4</alignment>
         <input_file_ref idref="fl-4a"/>
      </object_component>
      <object_component id="oc-a5">
         <name>.text</name>
         <load_address>0x5794</load_address>
         <readonly>true</readonly>
         <executable>true</executable>
         <run_address>0x5794</run_address>
         <size>0xd8</size>
         <alignment>0x4</alignment>
         <input_file_ref idref="fl-10e"/>
      </object_component>
      <object_component id="oc-18c">
         <name>.text.SetTargetProbWidth</name>
         <load_address>0x586c</load_address>
         <readonly>true</readonly>
         <executable>true</executable>
         <run_address>0x586c</run_address>
         <size>0xd0</size>
         <alignment>0x4</alignment>
         <input_file_ref idref="fl-c"/>
      </object_component>
      <object_component id="oc-124">
         <name>.text.OLED_Init</name>
         <load_address>0x593c</load_address>
         <readonly>true</readonly>
         <executable>true</executable>
         <run_address>0x593c</run_address>
         <size>0xc0</size>
         <alignment>0x4</alignment>
         <input_file_ref idref="fl-f"/>
      </object_component>
      <object_component id="oc-da">
         <name>.text.user_button_init</name>
         <load_address>0x59fc</load_address>
         <readonly>true</readonly>
         <executable>true</executable>
         <run_address>0x59fc</run_address>
         <size>0xc0</size>
         <alignment>0x4</alignment>
         <input_file_ref idref="fl-6"/>
      </object_component>
      <object_component id="oc-2b7">
         <name>.text.AboutOLED_UIAuxFunc</name>
         <load_address>0x5abc</load_address>
         <readonly>true</readonly>
         <executable>true</executable>
         <run_address>0x5abc</run_address>
         <size>0xb0</size>
         <alignment>0x4</alignment>
         <input_file_ref idref="fl-e"/>
      </object_component>
      <object_component id="oc-2b5">
         <name>.text.AboutThisDeviceAuxFunc</name>
         <load_address>0x5b6c</load_address>
         <readonly>true</readonly>
         <executable>true</executable>
         <run_address>0x5b6c</run_address>
         <size>0xb0</size>
         <alignment>0x4</alignment>
         <input_file_ref idref="fl-e"/>
      </object_component>
      <object_component id="oc-a0">
         <name>.text.OLED_KeyAndEncoderRecord</name>
         <load_address>0x5c1c</load_address>
         <readonly>true</readonly>
         <executable>true</executable>
         <run_address>0x5c1c</run_address>
         <size>0xac</size>
         <alignment>0x4</alignment>
         <input_file_ref idref="fl-c"/>
      </object_component>
      <object_component id="oc-184">
         <name>.text.CurrentMenuPageBackUp</name>
         <load_address>0x5cc8</load_address>
         <readonly>true</readonly>
         <executable>true</executable>
         <run_address>0x5cc8</run_address>
         <size>0xa8</size>
         <alignment>0x4</alignment>
         <input_file_ref idref="fl-c"/>
      </object_component>
      <object_component id="oc-2e0">
         <name>.text</name>
         <load_address>0x5d70</load_address>
         <readonly>true</readonly>
         <executable>true</executable>
         <run_address>0x5d70</run_address>
         <size>0xa2</size>
         <alignment>0x4</alignment>
         <input_file_ref idref="fl-129"/>
      </object_component>
      <object_component id="oc-b5">
         <name>.text.Encoder_Disable</name>
         <load_address>0x5e12</load_address>
         <readonly>true</readonly>
         <executable>true</executable>
         <run_address>0x5e12</run_address>
         <size>0x2</size>
         <alignment>0x2</alignment>
         <input_file_ref idref="fl-d"/>
      </object_component>
      <object_component id="oc-236">
         <name>.text.OLED_ShowCharArea</name>
         <load_address>0x5e14</load_address>
         <readonly>true</readonly>
         <executable>true</executable>
         <run_address>0x5e14</run_address>
         <size>0x9c</size>
         <alignment>0x4</alignment>
         <input_file_ref idref="fl-a"/>
      </object_component>
      <object_component id="oc-20a">
         <name>.text.OLED_ReverseArea</name>
         <load_address>0x5eb0</load_address>
         <readonly>true</readonly>
         <executable>true</executable>
         <run_address>0x5eb0</run_address>
         <size>0x90</size>
         <alignment>0x4</alignment>
         <input_file_ref idref="fl-a"/>
      </object_component>
      <object_component id="oc-202">
         <name>.text.ceilf</name>
         <load_address>0x5f40</load_address>
         <readonly>true</readonly>
         <executable>true</executable>
         <run_address>0x5f40</run_address>
         <size>0x90</size>
         <alignment>0x4</alignment>
         <input_file_ref idref="fl-3d"/>
      </object_component>
      <object_component id="oc-b1">
         <name>.text.__mulsf3</name>
         <load_address>0x5fd0</load_address>
         <readonly>true</readonly>
         <executable>true</executable>
         <run_address>0x5fd0</run_address>
         <size>0x8c</size>
         <alignment>0x4</alignment>
         <input_file_ref idref="fl-112"/>
      </object_component>
      <object_component id="oc-1fe">
         <name>.text.OLED_PrintfMixArea</name>
         <load_address>0x605c</load_address>
         <readonly>true</readonly>
         <executable>true</executable>
         <run_address>0x605c</run_address>
         <size>0x8a</size>
         <alignment>0x2</alignment>
         <input_file_ref idref="fl-a"/>
      </object_component>
      <object_component id="oc-134">
         <name>.text.Encoder_Enable</name>
         <load_address>0x60e6</load_address>
         <readonly>true</readonly>
         <executable>true</executable>
         <run_address>0x60e6</run_address>
         <size>0x2</size>
         <alignment>0x2</alignment>
         <input_file_ref idref="fl-d"/>
      </object_component>
      <object_component id="oc-dd">
         <name>.text.OLED_UI_MainLoop</name>
         <load_address>0x60e8</load_address>
         <readonly>true</readonly>
         <executable>true</executable>
         <run_address>0x60e8</run_address>
         <size>0x88</size>
         <alignment>0x4</alignment>
         <input_file_ref idref="fl-c"/>
      </object_component>
      <object_component id="oc-116">
         <name>.text.SYSCFG_DL_UART_DEBUG_init</name>
         <load_address>0x6170</load_address>
         <readonly>true</readonly>
         <executable>true</executable>
         <run_address>0x6170</run_address>
         <size>0x88</size>
         <alignment>0x4</alignment>
         <input_file_ref idref="fl-2"/>
      </object_component>
      <object_component id="oc-29c">
         <name>.text.__aeabi_errno_addr</name>
         <load_address>0x61f8</load_address>
         <readonly>true</readonly>
         <executable>true</executable>
         <run_address>0x61f8</run_address>
         <size>0x8</size>
         <alignment>0x4</alignment>
         <input_file_ref idref="fl-4c"/>
      </object_component>
      <object_component id="oc-273">
         <name>.text:strcmp</name>
         <load_address>0x6200</load_address>
         <readonly>true</readonly>
         <executable>true</executable>
         <run_address>0x6200</run_address>
         <size>0x88</size>
         <alignment>0x10</alignment>
         <input_file_ref idref="fl-3e"/>
      </object_component>
      <object_component id="oc-ad">
         <name>.text.__divsf3</name>
         <load_address>0x6288</load_address>
         <readonly>true</readonly>
         <executable>true</executable>
         <run_address>0x6288</run_address>
         <size>0x82</size>
         <alignment>0x4</alignment>
         <input_file_ref idref="fl-113"/>
      </object_component>
      <object_component id="oc-12a">
         <name>.text.Encoder_Init</name>
         <load_address>0x630a</load_address>
         <readonly>true</readonly>
         <executable>true</executable>
         <run_address>0x630a</run_address>
         <size>0x2</size>
         <alignment>0x2</alignment>
         <input_file_ref idref="fl-d"/>
      </object_component>
      <object_component id="oc-210">
         <name>.text.OLED_ClearArea</name>
         <load_address>0x630c</load_address>
         <readonly>true</readonly>
         <executable>true</executable>
         <run_address>0x630c</run_address>
         <size>0x80</size>
         <alignment>0x4</alignment>
         <input_file_ref idref="fl-a"/>
      </object_component>
      <object_component id="oc-1a5">
         <name>.text.OLED_ShowChar</name>
         <load_address>0x638c</load_address>
         <readonly>true</readonly>
         <executable>true</executable>
         <run_address>0x638c</run_address>
         <size>0x7c</size>
         <alignment>0x4</alignment>
         <input_file_ref idref="fl-a"/>
      </object_component>
      <object_component id="oc-18d">
         <name>.text.SetTargetScrollBarHeight</name>
         <load_address>0x6408</load_address>
         <readonly>true</readonly>
         <executable>true</executable>
         <run_address>0x6408</run_address>
         <size>0x7c</size>
         <alignment>0x4</alignment>
         <input_file_ref idref="fl-c"/>
      </object_component>
      <object_component id="oc-1c">
         <name>.text:decompress:lzss</name>
         <load_address>0x6484</load_address>
         <readonly>true</readonly>
         <executable>true</executable>
         <run_address>0x6484</run_address>
         <size>0x7c</size>
         <alignment>0x4</alignment>
         <input_file_ref idref="fl-46"/>
      </object_component>
      <object_component id="oc-2fc">
         <name>.text.__gedf2</name>
         <load_address>0x6500</load_address>
         <readonly>true</readonly>
         <executable>true</executable>
         <run_address>0x6500</run_address>
         <size>0x74</size>
         <alignment>0x4</alignment>
         <input_file_ref idref="fl-12b"/>
      </object_component>
      <object_component id="oc-191">
         <name>.text.OLED_SetColorMode</name>
         <load_address>0x6574</load_address>
         <readonly>true</readonly>
         <executable>true</executable>
         <run_address>0x6574</run_address>
         <size>0xc</size>
         <alignment>0x4</alignment>
         <input_file_ref idref="fl-f"/>
      </object_component>
      <object_component id="oc-1f1">
         <name>.text.__truncdfsf2</name>
         <load_address>0x6580</load_address>
         <readonly>true</readonly>
         <executable>true</executable>
         <run_address>0x6580</run_address>
         <size>0x74</size>
         <alignment>0x10</alignment>
         <input_file_ref idref="fl-120"/>
      </object_component>
      <object_component id="oc-2b2">
         <name>.text.OLED_UI_CreateWindow</name>
         <load_address>0x65f4</load_address>
         <readonly>true</readonly>
         <executable>true</executable>
         <run_address>0x65f4</run_address>
         <size>0x70</size>
         <alignment>0x4</alignment>
         <input_file_ref idref="fl-c"/>
      </object_component>
      <object_component id="oc-2f6">
         <name>.text.__ledf2</name>
         <load_address>0x6664</load_address>
         <readonly>true</readonly>
         <executable>true</executable>
         <run_address>0x6664</run_address>
         <size>0x68</size>
         <alignment>0x4</alignment>
         <input_file_ref idref="fl-12b"/>
      </object_component>
      <object_component id="oc-2f5">
         <name>.text._mcpy</name>
         <load_address>0x66cc</load_address>
         <readonly>true</readonly>
         <executable>true</executable>
         <run_address>0x66cc</run_address>
         <size>0x66</size>
         <alignment>0x2</alignment>
         <input_file_ref idref="fl-47"/>
      </object_component>
      <object_component id="oc-129">
         <name>.text.Key_Init</name>
         <load_address>0x6732</load_address>
         <readonly>true</readonly>
         <executable>true</executable>
         <run_address>0x6732</run_address>
         <size>0x2</size>
         <alignment>0x2</alignment>
         <input_file_ref idref="fl-d"/>
      </object_component>
      <object_component id="oc-159">
         <name>.text.DL_SYSCTL_setHFCLKSourceHFXTParams</name>
         <load_address>0x6734</load_address>
         <readonly>true</readonly>
         <executable>true</executable>
         <run_address>0x6734</run_address>
         <size>0x64</size>
         <alignment>0x4</alignment>
         <input_file_ref idref="fl-20"/>
      </object_component>
      <object_component id="oc-112">
         <name>.text.SYSCFG_DL_GPIO_init</name>
         <load_address>0x6798</load_address>
         <readonly>true</readonly>
         <executable>true</executable>
         <run_address>0x6798</run_address>
         <size>0x64</size>
         <alignment>0x4</alignment>
         <input_file_ref idref="fl-2"/>
      </object_component>
      <object_component id="oc-113">
         <name>.text.SYSCFG_DL_SYSCTL_init</name>
         <load_address>0x67fc</load_address>
         <readonly>true</readonly>
         <executable>true</executable>
         <run_address>0x67fc</run_address>
         <size>0x64</size>
         <alignment>0x4</alignment>
         <input_file_ref idref="fl-2"/>
      </object_component>
      <object_component id="oc-2ab">
         <name>.text.__aeabi_dcmp</name>
         <load_address>0x6860</load_address>
         <readonly>true</readonly>
         <executable>true</executable>
         <run_address>0x6860</run_address>
         <size>0x62</size>
         <alignment>0x4</alignment>
         <input_file_ref idref="fl-121"/>
      </object_component>
      <object_component id="oc-22a">
         <name>.text.__aeabi_idiv0</name>
         <load_address>0x68c2</load_address>
         <readonly>true</readonly>
         <executable>true</executable>
         <run_address>0x68c2</run_address>
         <size>0x2</size>
         <alignment>0x2</alignment>
         <input_file_ref idref="fl-12c"/>
      </object_component>
      <object_component id="oc-17f">
         <name>.text.__aeabi_fcmp</name>
         <load_address>0x68c4</load_address>
         <readonly>true</readonly>
         <executable>true</executable>
         <run_address>0x68c4</run_address>
         <size>0x62</size>
         <alignment>0x4</alignment>
         <input_file_ref idref="fl-122"/>
      </object_component>
      <object_component id="oc-3a3">
         <name>.text.__aeabi_ldiv0</name>
         <load_address>0x6926</load_address>
         <readonly>true</readonly>
         <executable>true</executable>
         <run_address>0x6926</run_address>
         <size>0x2</size>
         <alignment>0x2</alignment>
         <input_file_ref idref="fl-12c"/>
      </object_component>
      <object_component id="oc-20b">
         <name>.text.__fixsfdi</name>
         <load_address>0x6928</load_address>
         <readonly>true</readonly>
         <executable>true</executable>
         <run_address>0x6928</run_address>
         <size>0x60</size>
         <alignment>0x4</alignment>
         <input_file_ref idref="fl-117"/>
      </object_component>
      <object_component id="oc-2e5">
         <name>.text.frexp</name>
         <load_address>0x6988</load_address>
         <readonly>true</readonly>
         <executable>true</executable>
         <run_address>0x6988</run_address>
         <size>0x5c</size>
         <alignment>0x4</alignment>
         <input_file_ref idref="fl-49"/>
      </object_component>
      <object_component id="oc-2ed">
         <name>.text.__TI_ltoa</name>
         <load_address>0x69e4</load_address>
         <readonly>true</readonly>
         <executable>true</executable>
         <run_address>0x69e4</run_address>
         <size>0x58</size>
         <alignment>0x2</alignment>
         <input_file_ref idref="fl-4f"/>
      </object_component>
      <object_component id="oc-2b0">
         <name>.text._pconv_f</name>
         <load_address>0x6a3c</load_address>
         <readonly>true</readonly>
         <executable>true</executable>
         <run_address>0x6a3c</run_address>
         <size>0x58</size>
         <alignment>0x2</alignment>
         <input_file_ref idref="fl-47"/>
      </object_component>
      <object_component id="oc-1e1">
         <name>.text.__aeabi_idivmod</name>
         <load_address>0x6a94</load_address>
         <readonly>true</readonly>
         <executable>true</executable>
         <run_address>0x6a94</run_address>
         <size>0x56</size>
         <alignment>0x4</alignment>
         <input_file_ref idref="fl-123"/>
      </object_component>
      <object_component id="oc-135">
         <name>.text.CalcStringWidth</name>
         <load_address>0x6aea</load_address>
         <readonly>true</readonly>
         <executable>true</executable>
         <run_address>0x6aea</run_address>
         <size>0x52</size>
         <alignment>0x2</alignment>
         <input_file_ref idref="fl-c"/>
      </object_component>
      <object_component id="oc-2f3">
         <name>.text._ecpy</name>
         <load_address>0x6b3c</load_address>
         <readonly>true</readonly>
         <executable>true</executable>
         <run_address>0x6b3c</run_address>
         <size>0x52</size>
         <alignment>0x2</alignment>
         <input_file_ref idref="fl-47"/>
      </object_component>
      <object_component id="oc-115">
         <name>.text.SYSCFG_DL_TIMER_TICK_init</name>
         <load_address>0x6b90</load_address>
         <readonly>true</readonly>
         <executable>true</executable>
         <run_address>0x6b90</run_address>
         <size>0x50</size>
         <alignment>0x4</alignment>
         <input_file_ref idref="fl-2"/>
      </object_component>
      <object_component id="oc-1dd">
         <name>.text.__floatdisf</name>
         <load_address>0x6be0</load_address>
         <readonly>true</readonly>
         <executable>true</executable>
         <run_address>0x6be0</run_address>
         <size>0x4e</size>
         <alignment>0x4</alignment>
         <input_file_ref idref="fl-11a"/>
      </object_component>
      <object_component id="oc-287">
         <name>.text.__fixdfsi</name>
         <load_address>0x6c30</load_address>
         <readonly>true</readonly>
         <executable>true</executable>
         <run_address>0x6c30</run_address>
         <size>0x4a</size>
         <alignment>0x4</alignment>
         <input_file_ref idref="fl-116"/>
      </object_component>
      <object_component id="oc-171">
         <name>.text.DL_UART_init</name>
         <load_address>0x6c7c</load_address>
         <readonly>true</readonly>
         <executable>true</executable>
         <run_address>0x6c7c</run_address>
         <size>0x48</size>
         <alignment>0x4</alignment>
         <input_file_ref idref="fl-1f"/>
      </object_component>
      <object_component id="oc-160">
         <name>.text.DL_SYSCTL_switchMCLKfromSYSOSCtoHSCLK</name>
         <load_address>0x6cc4</load_address>
         <readonly>true</readonly>
         <executable>true</executable>
         <run_address>0x6cc4</run_address>
         <size>0x44</size>
         <alignment>0x4</alignment>
         <input_file_ref idref="fl-20"/>
      </object_component>
      <object_component id="oc-254">
         <name>.text.ChangePoint</name>
         <load_address>0x6d08</load_address>
         <readonly>true</readonly>
         <executable>true</executable>
         <run_address>0x6d08</run_address>
         <size>0x42</size>
         <alignment>0x2</alignment>
         <input_file_ref idref="fl-c"/>
      </object_component>
      <object_component id="oc-136">
         <name>.text.OLED_Printf</name>
         <load_address>0x6d4a</load_address>
         <readonly>true</readonly>
         <executable>true</executable>
         <run_address>0x6d4a</run_address>
         <size>0x42</size>
         <alignment>0x2</alignment>
         <input_file_ref idref="fl-a"/>
      </object_component>
      <object_component id="oc-13b">
         <name>.text.MainAuxFunc</name>
         <load_address>0x6d8c</load_address>
         <readonly>true</readonly>
         <executable>true</executable>
         <run_address>0x6d8c</run_address>
         <size>0x40</size>
         <alignment>0x4</alignment>
         <input_file_ref idref="fl-e"/>
      </object_component>
      <object_component id="oc-111">
         <name>.text.SYSCFG_DL_initPower</name>
         <load_address>0x6dcc</load_address>
         <readonly>true</readonly>
         <executable>true</executable>
         <run_address>0x6dcc</run_address>
         <size>0x40</size>
         <alignment>0x4</alignment>
         <input_file_ref idref="fl-2"/>
      </object_component>
      <object_component id="oc-277">
         <name>.text.__aeabi_uidivmod</name>
         <load_address>0x6e0c</load_address>
         <readonly>true</readonly>
         <executable>true</executable>
         <run_address>0x6e0c</run_address>
         <size>0x40</size>
         <alignment>0x4</alignment>
         <input_file_ref idref="fl-126"/>
      </object_component>
      <object_component id="oc-1e5">
         <name>.text.__extendsfdf2</name>
         <load_address>0x6e4c</load_address>
         <readonly>true</readonly>
         <executable>true</executable>
         <run_address>0x6e4c</run_address>
         <size>0x40</size>
         <alignment>0x4</alignment>
         <input_file_ref idref="fl-115"/>
      </object_component>
      <object_component id="oc-294">
         <name>.text.atoi</name>
         <load_address>0x6e8c</load_address>
         <readonly>true</readonly>
         <executable>true</executable>
         <run_address>0x6e8c</run_address>
         <size>0x40</size>
         <alignment>0x4</alignment>
         <input_file_ref idref="fl-52"/>
      </object_component>
      <object_component id="oc-199">
         <name>.text.vsnprintf</name>
         <load_address>0x6ecc</load_address>
         <readonly>true</readonly>
         <executable>true</executable>
         <run_address>0x6ecc</run_address>
         <size>0x40</size>
         <alignment>0x4</alignment>
         <input_file_ref idref="fl-37"/>
      </object_component>
      <object_component id="oc-1d7">
         <name>.text.fminf</name>
         <load_address>0x6f0c</load_address>
         <readonly>true</readonly>
         <executable>true</executable>
         <run_address>0x6f0c</run_address>
         <size>0x3e</size>
         <alignment>0x2</alignment>
         <input_file_ref idref="fl-3c"/>
      </object_component>
      <object_component id="oc-a1">
         <name>.text.__floatsisf</name>
         <load_address>0x6f4c</load_address>
         <readonly>true</readonly>
         <executable>true</executable>
         <run_address>0x6f4c</run_address>
         <size>0x3c</size>
         <alignment>0x4</alignment>
         <input_file_ref idref="fl-11c"/>
      </object_component>
      <object_component id="oc-1d5">
         <name>.text.__gtsf2</name>
         <load_address>0x6f88</load_address>
         <readonly>true</readonly>
         <executable>true</executable>
         <run_address>0x6f88</run_address>
         <size>0x3c</size>
         <alignment>0x4</alignment>
         <input_file_ref idref="fl-128"/>
      </object_component>
      <object_component id="oc-e9">
         <name>.text:__TI_auto_init_nobinit_nopinit</name>
         <load_address>0x6fc4</load_address>
         <readonly>true</readonly>
         <executable>true</executable>
         <run_address>0x6fc4</run_address>
         <size>0x3c</size>
         <alignment>0x4</alignment>
         <input_file_ref idref="fl-41"/>
      </object_component>
      <object_component id="oc-1d0">
         <name>.text.__eqsf2</name>
         <load_address>0x7000</load_address>
         <readonly>true</readonly>
         <executable>true</executable>
         <run_address>0x7000</run_address>
         <size>0x3a</size>
         <alignment>0x4</alignment>
         <input_file_ref idref="fl-128"/>
      </object_component>
      <object_component id="oc-102">
         <name>.text.__muldsi3</name>
         <load_address>0x703c</load_address>
         <readonly>true</readonly>
         <executable>true</executable>
         <run_address>0x703c</run_address>
         <size>0x3a</size>
         <alignment>0x4</alignment>
         <input_file_ref idref="fl-111"/>
      </object_component>
      <object_component id="oc-a9">
         <name>.text.__fixsfsi</name>
         <load_address>0x7078</load_address>
         <readonly>true</readonly>
         <executable>true</executable>
         <run_address>0x7078</run_address>
         <size>0x38</size>
         <alignment>0x4</alignment>
         <input_file_ref idref="fl-118"/>
      </object_component>
      <object_component id="oc-137">
         <name>.text.OLED_Update</name>
         <load_address>0x70b0</load_address>
         <readonly>true</readonly>
         <executable>true</executable>
         <run_address>0x70b0</run_address>
         <size>0x34</size>
         <alignment>0x4</alignment>
         <input_file_ref idref="fl-f"/>
      </object_component>
      <object_component id="oc-36">
         <name>.text.UART0_IRQHandler</name>
         <load_address>0x70e4</load_address>
         <readonly>true</readonly>
         <executable>true</executable>
         <run_address>0x70e4</run_address>
         <size>0x34</size>
         <alignment>0x4</alignment>
         <input_file_ref idref="fl-8"/>
      </object_component>
      <object_component id="oc-174">
         <name>.text.key_scan</name>
         <load_address>0x7118</load_address>
         <readonly>true</readonly>
         <executable>true</executable>
         <run_address>0x7118</run_address>
         <size>0x34</size>
         <alignment>0x4</alignment>
         <input_file_ref idref="fl-5"/>
      </object_component>
      <object_component id="oc-2f4">
         <name>.text._fcpy</name>
         <load_address>0x714c</load_address>
         <readonly>true</readonly>
         <executable>true</executable>
         <run_address>0x714c</run_address>
         <size>0x30</size>
         <alignment>0x2</alignment>
         <input_file_ref idref="fl-47"/>
      </object_component>
      <object_component id="oc-213">
         <name>.text._outs</name>
         <load_address>0x717c</load_address>
         <readonly>true</readonly>
         <executable>true</executable>
         <run_address>0x717c</run_address>
         <size>0x30</size>
         <alignment>0x2</alignment>
         <input_file_ref idref="fl-37"/>
      </object_component>
      <object_component id="oc-27f">
         <name>.text.__floatsidf</name>
         <load_address>0x71ac</load_address>
         <readonly>true</readonly>
         <executable>true</executable>
         <run_address>0x71ac</run_address>
         <size>0x2c</size>
         <alignment>0x4</alignment>
         <input_file_ref idref="fl-11b"/>
      </object_component>
      <object_component id="oc-19f">
         <name>.text.vsprintf</name>
         <load_address>0x71d8</load_address>
         <readonly>true</readonly>
         <executable>true</executable>
         <run_address>0x71d8</run_address>
         <size>0x2c</size>
         <alignment>0x4</alignment>
         <input_file_ref idref="fl-38"/>
      </object_component>
      <object_component id="oc-1fa">
         <name>.text.__floatunsisf</name>
         <load_address>0x7204</load_address>
         <readonly>true</readonly>
         <executable>true</executable>
         <run_address>0x7204</run_address>
         <size>0x28</size>
         <alignment>0x4</alignment>
         <input_file_ref idref="fl-11e"/>
      </object_component>
      <object_component id="oc-11c">
         <name>.text.btn_enter_cb</name>
         <load_address>0x722c</load_address>
         <readonly>true</readonly>
         <executable>true</executable>
         <run_address>0x722c</run_address>
         <size>0x28</size>
         <alignment>0x4</alignment>
         <input_file_ref idref="fl-4"/>
      </object_component>
      <object_component id="oc-77">
         <name>.text.set_debug_led_toggle</name>
         <load_address>0x7254</load_address>
         <readonly>true</readonly>
         <executable>true</executable>
         <run_address>0x7254</run_address>
         <size>0x28</size>
         <alignment>0x4</alignment>
         <input_file_ref idref="fl-7"/>
      </object_component>
      <object_component id="oc-5b">
         <name>.text:_c_int00_noargs</name>
         <load_address>0x727c</load_address>
         <readonly>true</readonly>
         <executable>true</executable>
         <run_address>0x727c</run_address>
         <size>0x28</size>
         <alignment>0x4</alignment>
         <input_file_ref idref="fl-3f"/>
      </object_component>
      <object_component id="oc-d4">
         <name>.text.SYSCFG_DL_init</name>
         <load_address>0x72a4</load_address>
         <readonly>true</readonly>
         <executable>true</executable>
         <run_address>0x72a4</run_address>
         <size>0x24</size>
         <alignment>0x4</alignment>
         <input_file_ref idref="fl-2"/>
      </object_component>
      <object_component id="oc-2a1">
         <name>.text.__muldi3</name>
         <load_address>0x72c8</load_address>
         <readonly>true</readonly>
         <executable>true</executable>
         <run_address>0x72c8</run_address>
         <size>0x24</size>
         <alignment>0x4</alignment>
         <input_file_ref idref="fl-11f"/>
      </object_component>
      <object_component id="oc-122">
         <name>.text.btn_back_cb</name>
         <load_address>0x72ec</load_address>
         <readonly>true</readonly>
         <executable>true</executable>
         <run_address>0x72ec</run_address>
         <size>0x24</size>
         <alignment>0x4</alignment>
         <input_file_ref idref="fl-4"/>
      </object_component>
      <object_component id="oc-28d">
         <name>.text.memccpy</name>
         <load_address>0x7310</load_address>
         <readonly>true</readonly>
         <executable>true</executable>
         <run_address>0x7310</run_address>
         <size>0x22</size>
         <alignment>0x2</alignment>
         <input_file_ref idref="fl-54"/>
      </object_component>
      <object_component id="oc-253">
         <name>.text.OLED_UI_Back</name>
         <load_address>0x7334</load_address>
         <readonly>true</readonly>
         <executable>true</executable>
         <run_address>0x7334</run_address>
         <size>0x20</size>
         <alignment>0x4</alignment>
         <input_file_ref idref="fl-c"/>
      </object_component>
      <object_component id="oc-dc">
         <name>.text.OLED_UI_Init</name>
         <load_address>0x7354</load_address>
         <readonly>true</readonly>
         <executable>true</executable>
         <run_address>0x7354</run_address>
         <size>0x20</size>
         <alignment>0x4</alignment>
         <input_file_ref idref="fl-c"/>
      </object_component>
      <object_component id="oc-3b">
         <name>.text.TIMA0_IRQHandler</name>
         <load_address>0x7374</load_address>
         <readonly>true</readonly>
         <executable>true</executable>
         <run_address>0x7374</run_address>
         <size>0x20</size>
         <alignment>0x4</alignment>
         <input_file_ref idref="fl-9"/>
      </object_component>
      <object_component id="oc-8b">
         <name>.text.main</name>
         <load_address>0x7394</load_address>
         <readonly>true</readonly>
         <executable>true</executable>
         <run_address>0x7394</run_address>
         <size>0x20</size>
         <alignment>0x4</alignment>
         <input_file_ref idref="fl-1"/>
      </object_component>
      <object_component id="oc-3a4">
         <name>.text.__ashldi3</name>
         <load_address>0x73b4</load_address>
         <readonly>true</readonly>
         <executable>true</executable>
         <run_address>0x73b4</run_address>
         <size>0x1e</size>
         <alignment>0x4</alignment>
         <input_file_ref idref="fl-12a"/>
      </object_component>
      <object_component id="oc-162">
         <name>.text.DL_Timer_setClockConfig</name>
         <load_address>0x73d4</load_address>
         <readonly>true</readonly>
         <executable>true</executable>
         <run_address>0x73d4</run_address>
         <size>0x1c</size>
         <alignment>0x4</alignment>
         <input_file_ref idref="fl-1e"/>
      </object_component>
      <object_component id="oc-183">
         <name>.text.Delay_ms</name>
         <load_address>0x73f0</load_address>
         <readonly>true</readonly>
         <executable>true</executable>
         <run_address>0x73f0</run_address>
         <size>0x1c</size>
         <alignment>0x4</alignment>
         <input_file_ref idref="fl-d"/>
      </object_component>
      <object_component id="oc-192">
         <name>.text.OLED_Brightness</name>
         <load_address>0x740c</load_address>
         <readonly>true</readonly>
         <executable>true</executable>
         <run_address>0x740c</run_address>
         <size>0x1c</size>
         <alignment>0x2</alignment>
         <input_file_ref idref="fl-f"/>
      </object_component>
      <object_component id="oc-214">
         <name>.text._outc</name>
         <load_address>0x7428</load_address>
         <readonly>true</readonly>
         <executable>true</executable>
         <run_address>0x7428</run_address>
         <size>0x18</size>
         <alignment>0x2</alignment>
         <input_file_ref idref="fl-37"/>
      </object_component>
      <object_component id="oc-217">
         <name>.text._outs</name>
         <load_address>0x7440</load_address>
         <readonly>true</readonly>
         <executable>true</executable>
         <run_address>0x7440</run_address>
         <size>0x18</size>
         <alignment>0x2</alignment>
         <input_file_ref idref="fl-38"/>
      </object_component>
      <object_component id="oc-d9">
         <name>.text.debug_uart_init</name>
         <load_address>0x7458</load_address>
         <readonly>true</readonly>
         <executable>true</executable>
         <run_address>0x7458</run_address>
         <size>0x18</size>
         <alignment>0x4</alignment>
         <input_file_ref idref="fl-8"/>
      </object_component>
      <object_component id="oc-db">
         <name>.text.timer_init</name>
         <load_address>0x7470</load_address>
         <readonly>true</readonly>
         <executable>true</executable>
         <run_address>0x7470</run_address>
         <size>0x18</size>
         <alignment>0x4</alignment>
         <input_file_ref idref="fl-9"/>
      </object_component>
      <object_component id="oc-12d">
         <name>.text.OLED_Clear</name>
         <load_address>0x7488</load_address>
         <readonly>true</readonly>
         <executable>true</executable>
         <run_address>0x7488</run_address>
         <size>0x14</size>
         <alignment>0x4</alignment>
         <input_file_ref idref="fl-a"/>
      </object_component>
      <object_component id="oc-2a6">
         <name>.text.__aeabi_uldivmod</name>
         <load_address>0x749c</load_address>
         <readonly>true</readonly>
         <executable>true</executable>
         <run_address>0x749c</run_address>
         <size>0x14</size>
         <alignment>0x4</alignment>
         <input_file_ref idref="fl-127"/>
      </object_component>
      <object_component id="oc-2f2">
         <name>.text.strchr</name>
         <load_address>0x74b0</load_address>
         <readonly>true</readonly>
         <executable>true</executable>
         <run_address>0x74b0</run_address>
         <size>0x14</size>
         <alignment>0x2</alignment>
         <input_file_ref idref="fl-47"/>
      </object_component>
      <object_component id="oc-16b">
         <name>.text.DL_UART_setClockConfig</name>
         <load_address>0x74c4</load_address>
         <readonly>true</readonly>
         <executable>true</executable>
         <run_address>0x74c4</run_address>
         <size>0x12</size>
         <alignment>0x2</alignment>
         <input_file_ref idref="fl-1f"/>
      </object_component>
      <object_component id="oc-ca">
[...]
      </symbol>
      <symbol id="sm-32a">
         <name>DL_Common_delayCycles</name>
         <value>0x75bd</value>
         <object_component_ref idref="oc-155"/>
      </symbol>
      <symbol id="sm-33a">
         <name>DL_Timer_setClockConfig</name>
         <value>0x73d5</value>
         <object_component_ref idref="oc-162"/>
      </symbol>
      <symbol id="sm-33b">
         <name>DL_Timer_initTimerMode</name>
         <value>0x533d</value>
         <object_component_ref idref="oc-168"/>
      </symbol>
      <symbol id="sm-348">
         <name>DL_UART_init</name>
         <value>0x6c7d</value>
         <object_component_ref idref="oc-171"/>
      </symbol>
      <symbol id="sm-349">
         <name>DL_UART_setClockConfig</name>
         <value>0x74c5</value>
         <object_component_ref idref="oc-16b"/>
      </symbol>
      <symbol id="sm-35a">
         <name>DL_SYSCTL_configSYSPLL</name>
         <value>0x5509</value>
         <object_component_ref idref="oc-15f"/>
      </symbol>
      <symbol id="sm-35b">
         <name>DL_SYSCTL_switchMCLKfromSYSOSCtoHSCLK</name>
         <value>0x6cc5</value>
         <object_component_ref idref="oc-160"/>
      </symbol>
      <symbol id="sm-35c">
         <name>DL_SYSCTL_setHFCLKSourceHFXTParams</name>
         <value>0x6735</value>
         <object_component_ref idref="oc-159"/>
      </symbol>
      <symbol id="sm-36d">
         <name>vsnprintf</name>
         <value>0x6ecd</value>
         <object_component_ref idref="oc-199"/>
      </symbol>
      <symbol id="sm-37e">
         <name>vsprintf</name>
         <value>0x71d9</value>
         <object_component_ref idref="oc-19f"/>
      </symbol>
      <symbol id="sm-38c">
         <name>atan2</name>
         <value>0x4681</value>
         <object_component_ref idref="oc-283"/>
      </symbol>
      <symbol id="sm-38d">
         <name>atan2l</name>
         <value>0x4681</value>
         <object_component_ref idref="oc-283"/>
      </symbol>
      <symbol id="sm-3a4">
         <name>atan</name>
         <value>0x25d1</value>
         <object_component_ref idref="oc-2c7"/>
      </symbol>
      <symbol id="sm-3a5">
         <name>atanl</name>
         <value>0x25d1</value>
         <object_component_ref idref="oc-2c7"/>
      </symbol>
      <symbol id="sm-3b0">
         <name>fminf</name>
         <value>0x6f0d</value>
         <object_component_ref idref="oc-1d7"/>
      </symbol>
      <symbol id="sm-3ba">
         <name>ceilf</name>
         <value>0x5f41</value>
         <object_component_ref idref="oc-202"/>
      </symbol>
      <symbol id="sm-3c2">
         <name>strcmp</name>
         <value>0x6201</value>
         <object_component_ref idref="oc-273"/>
      </symbol>
      <symbol id="sm-3cd">
         <name>_c_int00_noargs</name>
         <value>0x727d</value>
         <object_component_ref idref="oc-5b"/>
      </symbol>
      <symbol id="sm-3ce">
         <name>__stack</name>
         <value>0x20207e00</value>
         <object_component_ref idref="oc-1a"/>
      </symbol>
      <symbol id="sm-3da">
         <name>__TI_auto_init_nobinit_nopinit</name>
         <value>0x6fc5</value>
         <object_component_ref idref="oc-e9"/>
      </symbol>
      <symbol id="sm-3e2">
         <name>_system_pre_init</name>
         <value>0x764b</value>
         <object_component_ref idref="oc-87"/>
      </symbol>
      <symbol id="sm-3ed">
         <name>__TI_zero_init</name>
         <value>0x755d</value>
         <object_component_ref idref="oc-58"/>
      </symbol>
      <symbol id="sm-3f6">
         <name>__TI_decompress_none</name>
         <value>0x74e9</value>
         <object_component_ref idref="oc-20"/>
      </symbol>
      <symbol id="sm-401">
         <name>__TI_decompress_lzss</name>
         <value>0x6485</value>
         <object_component_ref idref="oc-1c"/>
      </symbol>
      <symbol id="sm-44a">
         <name>__TI_printfi</name>
         <value>0xc1</value>
         <object_component_ref idref="oc-248"/>
      </symbol>
      <symbol id="sm-455">
         <name>frexp</name>
         <value>0x6989</value>
         <object_component_ref idref="oc-2e5"/>
      </symbol>
      <symbol id="sm-456">
         <name>frexpl</name>
         <value>0x6989</value>
         <object_component_ref idref="oc-2e5"/>
      </symbol>
      <symbol id="sm-460">
         <name>scalbn</name>
         <value>0x56bd</value>
         <object_component_ref idref="oc-2e9"/>
      </symbol>
      <symbol id="sm-461">
         <name>ldexp</name>
         <value>0x56bd</value>
         <object_component_ref idref="oc-2e9"/>
      </symbol>
      <symbol id="sm-462">
         <name>scalbnl</name>
         <value>0x56bd</value>
         <object_component_ref idref="oc-2e9"/>
      </symbol>
      <symbol id="sm-463">
         <name>ldexpl</name>
         <value>0x56bd</value>
         <object_component_ref idref="oc-2e9"/>
      </symbol>
      <symbol id="sm-46c">
         <name>wcslen</name>
         <value>0x754d</value>
         <object_component_ref idref="oc-298"/>
      </symbol>
      <symbol id="sm-477">
         <name>__aeabi_errno_addr</name>
         <value>0x61f9</value>
         <object_component_ref idref="oc-29c"/>
      </symbol>
      <symbol id="sm-478">
         <name>__aeabi_errno</name>
         <value>0x20201e3c</value>
         <object_component_ref idref="oc-2db"/>
      </symbol>
      <symbol id="sm-482">
         <name>abort</name>
         <value>0x7639</value>
         <object_component_ref idref="oc-e2"/>
      </symbol>
      <symbol id="sm-48c">
         <name>__TI_ltoa</name>
         <value>0x69e5</value>
         <object_component_ref idref="oc-2ed"/>
      </symbol>
      <symbol id="sm-498">
         <name>atoi</name>
         <value>0x6e8d</value>
         <object_component_ref idref="oc-294"/>
      </symbol>
      <symbol id="sm-4a2">
         <name>memccpy</name>
         <value>0x7311</value>
         <object_component_ref idref="oc-28d"/>
      </symbol>
      <symbol id="sm-4a9">
         <name>_sys_memory</name>
         <value>0x20202608</value>
         <object_component_ref idref="oc-2f"/>
      </symbol>
      <symbol id="sm-4af">
         <name>__aeabi_ctype_table_</name>
         <value>0xb900</value>
         <object_component_ref idref="oc-2d4"/>
      </symbol>
      <symbol id="sm-4b0">
         <name>__aeabi_ctype_table_C</name>
         <value>0xb900</value>
         <object_component_ref idref="oc-2d4"/>
      </symbol>
      <symbol id="sm-4bb">
         <name>HOSTexit</name>
         <value>0x7643</value>
         <object_component_ref idref="oc-141"/>
      </symbol>
      <symbol id="sm-4bc">
         <name>C$$EXIT</name>
         <value>0x7642</value>
         <object_component_ref idref="oc-141"/>
      </symbol>
      <symbol id="sm-4d1">
         <name>__aeabi_fadd</name>
         <value>0x579f</value>
         <object_component_ref idref="oc-a5"/>
      </symbol>
      <symbol id="sm-4d2">
         <name>__addsf3</name>
         <value>0x579f</value>
         <object_component_ref idref="oc-a5"/>
      </symbol>
      <symbol id="sm-4d3">
         <name>__aeabi_fsub</name>
         <value>0x5795</value>
         <object_component_ref idref="oc-a5"/>
      </symbol>
      <symbol id="sm-4d4">
         <name>__subsf3</name>
         <value>0x5795</value>
         <object_component_ref idref="oc-a5"/>
      </symbol>
      <symbol id="sm-4da">
         <name>__aeabi_dadd</name>
         <value>0x44f7</value>
         <object_component_ref idref="oc-1ed"/>
      </symbol>
      <symbol id="sm-4db">
         <name>__adddf3</name>
         <value>0x44f7</value>
         <object_component_ref idref="oc-1ed"/>
      </symbol>
      <symbol id="sm-4dc">
         <name>__aeabi_dsub</name>
         <value>0x44ed</value>
         <object_component_ref idref="oc-1ed"/>
      </symbol>
      <symbol id="sm-4dd">
         <name>__subdf3</name>
         <value>0x44ed</value>
         <object_component_ref idref="oc-1ed"/>
      </symbol>
      <symbol id="sm-4e9">
         <name>__aeabi_dmul</name>
         <value>0x5425</value>
         <object_component_ref idref="oc-1e9"/>
      </symbol>
      <symbol id="sm-4ea">
         <name>__muldf3</name>
         <value>0x5425</value>
         <object_component_ref idref="oc-1e9"/>
      </symbol>
      <symbol id="sm-4f3">
         <name>__muldsi3</name>
         <value>0x703d</value>
         <object_component_ref idref="oc-102"/>
      </symbol>
      <symbol id="sm-4f9">
         <name>__aeabi_fmul</name>
         <value>0x5fd1</value>
         <object_component_ref idref="oc-b1"/>
      </symbol>
      <symbol id="sm-4fa">
         <name>__mulsf3</name>
         <value>0x5fd1</value>
         <object_component_ref idref="oc-b1"/>
      </symbol>
      <symbol id="sm-500">
         <name>__aeabi_fdiv</name>
         <value>0x6289</value>
         <object_component_ref idref="oc-ad"/>
      </symbol>
      <symbol id="sm-501">
         <name>__divsf3</name>
         <value>0x6289</value>
         <object_component_ref idref="oc-ad"/>
      </symbol>
      <symbol id="sm-507">
         <name>__aeabi_ddiv</name>
         <value>0x504d</value>
         <object_component_ref idref="oc-1f5"/>
      </symbol>
      <symbol id="sm-508">
         <name>__divdf3</name>
         <value>0x504d</value>
         <object_component_ref idref="oc-1f5"/>
      </symbol>
      <symbol id="sm-50e">
         <name>__aeabi_f2d</name>
         <value>0x6e4d</value>
         <object_component_ref idref="oc-1e5"/>
      </symbol>
      <symbol id="sm-50f">
         <name>__extendsfdf2</name>
         <value>0x6e4d</value>
         <object_component_ref idref="oc-1e5"/>
      </symbol>
      <symbol id="sm-515">
         <name>__aeabi_d2iz</name>
         <value>0x6c31</value>
         <object_component_ref idref="oc-287"/>
      </symbol>
      <symbol id="sm-516">
         <name>__fixdfsi</name>
         <value>0x6c31</value>
         <object_component_ref idref="oc-287"/>
      </symbol>
      <symbol id="sm-51c">
         <name>__aeabi_f2lz</name>
         <value>0x6929</value>
         <object_component_ref idref="oc-20b"/>
      </symbol>
      <symbol id="sm-51d">
         <name>__fixsfdi</name>
         <value>0x6929</value>
         <object_component_ref idref="oc-20b"/>
      </symbol>
      <symbol id="sm-523">
         <name>__aeabi_f2iz</name>
         <value>0x7079</value>
         <object_component_ref idref="oc-a9"/>
      </symbol>
      <symbol id="sm-524">
         <name>__fixsfsi</name>
         <value>0x7079</value>
         <object_component_ref idref="oc-a9"/>
      </symbol>
      <symbol id="sm-52a">
         <name>__aeabi_l2f</name>
         <value>0x6be1</value>
         <object_component_ref idref="oc-1dd"/>
      </symbol>
      <symbol id="sm-52b">
         <name>__floatdisf</name>
         <value>0x6be1</value>
         <object_component_ref idref="oc-1dd"/>
      </symbol>
      <symbol id="sm-531">
         <name>__aeabi_i2d</name>
         <value>0x71ad</value>
         <object_component_ref idref="oc-27f"/>
      </symbol>
      <symbol id="sm-532">
         <name>__floatsidf</name>
         <value>0x71ad</value>
         <object_component_ref idref="oc-27f"/>
      </symbol>
      <symbol id="sm-538">
         <name>__aeabi_i2f</name>
         <value>0x6f4d</value>
         <object_component_ref idref="oc-a1"/>
      </symbol>
      <symbol id="sm-539">
         <name>__floatsisf</name>
         <value>0x6f4d</value>
         <object_component_ref idref="oc-a1"/>
      </symbol>
      <symbol id="sm-53f">
         <name>__aeabi_ui2f</name>
         <value>0x7205</value>
         <object_component_ref idref="oc-1fa"/>
      </symbol>
      <symbol id="sm-540">
         <name>__floatunsisf</name>
         <value>0x7205</value>
         <object_component_ref idref="oc-1fa"/>
      </symbol>
      <symbol id="sm-546">
         <name>__aeabi_lmul</name>
         <value>0x72c9</value>
         <object_component_ref idref="oc-2a1"/>
      </symbol>
      <symbol id="sm-547">
         <name>__muldi3</name>
         <value>0x72c9</value>
         <object_component_ref idref="oc-2a1"/>
      </symbol>
      <symbol id="sm-54e">
         <name>__aeabi_d2f</name>
         <value>0x6581</value>
         <object_component_ref idref="oc-1f1"/>
      </symbol>
      <symbol id="sm-54f">
         <name>__truncdfsf2</name>
         <value>0x6581</value>
         <object_component_ref idref="oc-1f1"/>
      </symbol>
      <symbol id="sm-555">
         <name>__aeabi_dcmpeq</name>
         <value>0x6861</value>
         <object_component_ref idref="oc-2ab"/>
      </symbol>
      <symbol id="sm-556">
         <name>__aeabi_dcmplt</name>
         <value>0x6875</value>
         <object_component_ref idref="oc-2ab"/>
      </symbol>
      <symbol id="sm-557">
         <name>__aeabi_dcmple</name>
         <value>0x6889</value>
         <object_component_ref idref="oc-2ab"/>
      </symbol>
      <symbol id="sm-558">
         <name>__aeabi_dcmpge</name>
         <value>0x689d</value>
         <object_component_ref idref="oc-2ab"/>
      </symbol>
      <symbol id="sm-559">
         <name>__aeabi_dcmpgt</name>
         <value>0x68b1</value>
         <object_component_ref idref="oc-2ab"/>
      </symbol>
      <symbol id="sm-55f">
         <name>__aeabi_fcmpeq</name>
         <value>0x68c5</value>
         <object_component_ref idref="oc-17f"/>
      </symbol>
      <symbol id="sm-560">
         <name>__aeabi_fcmplt</name>
         <value>0x68d9</value>
         <object_component_ref idref="oc-17f"/>
      </symbol>
      <symbol id="sm-561">
         <name>__aeabi_fcmple</name>
         <value>0x68ed</value>
         <object_component_ref idref="oc-17f"/>
      </symbol>
      <symbol id="sm-562">
         <name>__aeabi_fcmpge</name>
         <value>0x6901</value>
         <object_component_ref idref="oc-17f"/>
      </symbol>
      <symbol id="sm-563">
         <name>__aeabi_fcmpgt</name>
         <value>0x6915</value>
         <object_component_ref idref="oc-17f"/>
      </symbol>
      <symbol id="sm-569">
         <name>__aeabi_idiv</name>
         <value>0x6a95</value>
         <object_component_ref idref="oc-1e1"/>
      </symbol>
      <symbol id="sm-56a">
         <name>__aeabi_idivmod</name>
         <value>0x6a95</value>
         <object_component_ref idref="oc-1e1"/>
      </symbol>
      <symbol id="sm-570">
         <name>__aeabi_memcpy</name>
         <value>0x7619</value>
         <object_component_ref idref="oc-4b"/>
      </symbol>
      <symbol id="sm-571">
         <name>__aeabi_memcpy4</name>
         <value>0x7619</value>
         <object_component_ref idref="oc-4b"/>
      </symbol>
      <symbol id="sm-572">
         <name>__aeabi_memcpy8</name>
         <value>0x7619</value>
         <object_component_ref idref="oc-4b"/>
      </symbol>
      <symbol id="sm-57b">
         <name>__aeabi_memset</name>
         <value>0x756d</value>
         <object_component_ref idref="oc-28c"/>
      </symbol>
      <symbol id="sm-57c">
         <name>__aeabi_memset4</name>
         <value>0x756d</value>
         <object_component_ref idref="oc-28c"/>
      </symbol>
      <symbol id="sm-57d">
         <name>__aeabi_memset8</name>
         <value>0x756d</value>
         <object_component_ref idref="oc-28c"/>
      </symbol>
      <symbol id="sm-57e">
         <name>__aeabi_memclr</name>
         <value>0x7599</value>
         <object_component_ref idref="oc-82"/>
      </symbol>
      <symbol id="sm-57f">
         <name>__aeabi_memclr4</name>
         <value>0x7599</value>
         <object_component_ref idref="oc-82"/>
      </symbol>
      <symbol id="sm-580">
         <name>__aeabi_memclr8</name>
         <value>0x7599</value>
         <object_component_ref idref="oc-82"/>
      </symbol>
      <symbol id="sm-586">
         <name>__aeabi_uidiv</name>
         <value>0x6e0d</value>
         <object_component_ref idref="oc-277"/>
      </symbol>
      <symbol id="sm-587">
         <name>__aeabi_uidivmod</name>
         <value>0x6e0d</value>
         <object_component_ref idref="oc-277"/>
      </symbol>
      <symbol id="sm-58d">
         <name>__aeabi_uldivmod</name>
         <value>0x749d</value>
         <object_component_ref idref="oc-2a6"/>
      </symbol>
      <symbol id="sm-596">
         <name>__eqsf2</name>
         <value>0x7001</value>
         <object_component_ref idref="oc-1d0"/>
      </symbol>
      <symbol id="sm-597">
         <name>__lesf2</name>
         <value>0x7001</value>
         <object_component_ref idref="oc-1d0"/>
      </symbol>
      <symbol id="sm-598">
         <name>__ltsf2</name>
         <value>0x7001</value>
         <object_component_ref idref="oc-1d0"/>
      </symbol>
      <symbol id="sm-599">
         <name>__nesf2</name>
         <value>0x7001</value>
         <object_component_ref idref="oc-1d0"/>
      </symbol>
      <symbol id="sm-59a">
         <name>__cmpsf2</name>
         <value>0x7001</value>
         <object_component_ref idref="oc-1d0"/>
      </symbol>
      <symbol id="sm-59b">
         <name>__gtsf2</name>
         <value>0x6f89</value>
         <object_component_ref idref="oc-1d5"/>
      </symbol>
      <symbol id="sm-59c">
         <name>__gesf2</name>
         <value>0x6f89</value>
         <object_component_ref idref="oc-1d5"/>
      </symbol>
      <symbol id="sm-5a2">
         <name>__udivmoddi4</name>
         <value>0x5d71</value>
         <object_component_ref idref="oc-2e0"/>
      </symbol>
      <symbol id="sm-5a8">
         <name>__aeabi_llsl</name>
         <value>0x73b5</value>
         <object_component_ref idref="oc-3a4"/>
      </symbol>
      <symbol id="sm-5a9">
         <name>__ashldi3</name>
         <value>0x73b5</value>
         <object_component_ref idref="oc-3a4"/>
      </symbol>
      <symbol id="sm-5b7">
         <name>__ledf2</name>
         <value>0x6665</value>
         <object_component_ref idref="oc-2f6"/>
      </symbol>
      <symbol id="sm-5b8">
         <name>__gedf2</name>
         <value>0x6501</value>
         <object_component_ref idref="oc-2fc"/>
      </symbol>
      <symbol id="sm-5b9">
         <name>__cmpdf2</name>
         <value>0x6665</value>
         <object_component_ref idref="oc-2f6"/>
      </symbol>
      <symbol id="sm-5ba">
         <name>__eqdf2</name>
         <value>0x6665</value>
         <object_component_ref idref="oc-2f6"/>
      </symbol>
      <symbol id="sm-5bb">
         <name>__ltdf2</name>
         <value>0x6665</value>
         <object_component_ref idref="oc-2f6"/>
      </symbol>
      <symbol id="sm-5bc">
         <name>__nedf2</name>
         <value>0x6665</value>
         <object_component_ref idref="oc-2f6"/>
      </symbol>
      <symbol id="sm-5bd">
         <name>__gtdf2</name>
         <value>0x6501</value>
         <object_component_ref idref="oc-2fc"/>
      </symbol>
      <symbol id="sm-5c9">
         <name>__aeabi_idiv0</name>
         <value>0x68c3</value>
         <object_component_ref idref="oc-22a"/>
      </symbol>
      <symbol id="sm-5ca">
         <name>__aeabi_ldiv0</name>
         <value>0x6927</value>
         <object_component_ref idref="oc-3a3"/>
      </symbol>
      <symbol id="sm-5d4">
         <name>TI_memcpy_small</name>
         <value>0x74d7</value>
         <object_component_ref idref="oc-ca"/>
      </symbol>
      <symbol id="sm-5dd">
         <name>TI_memset_small</name>
         <value>0x7589</value>
         <object_component_ref idref="oc-10b"/>
      </symbol>
      <symbol id="sm-5de">
         <name>__TI_static_base__</name>
         <value>0x0</value>
      </symbol>
      <symbol id="sm-5e2">
         <name>__mpu_init</name>
         <value>0x0</value>
      </symbol>
      <symbol id="sm-5e3">
         <name>_system_post_cinit</name>
         <value>0x0</value>
      </symbol>
   </symbol_table>
   <title>Link successful</title>
</link_info>
